Started svcounters_os.sh
SVDIAG SHELL: uname -a
Linux cnt_dc1_vpcef_pts_10 3.10.0-693.21.1.el7.x86_64 #1 SMP Wed Mar 7 19:03:37 UTC 2018 x86_64 x86_64 x86_64 GNU/Linux
-------------------------------

SVDIAG SHELL: env
XDG_SESSION_ID=27944
MAILTO=root
SHELL=/bin/bash
USER=root
PATH=/sbin:/bin:/usr/sbin:/usr/bin
PWD=/root
LANG=en_US.UTF-8
SHLVL=3
HOME=/root
LOGNAME=root
XDG_RUNTIME_DIR=/run/user/0
_=/bin/env
-------------------------------

SVDIAG SHELL: cat /etc/hosts
127.0.0.1 localhost.localdomain localhost
127.0.0.1 localhost4.localdomain4 localhost4

::1 localhost.localdomain localhost
::1 localhost6.localdomain6 localhost6

10.152.223.209 DRA001.dra.mnc002.mcc250.3gppnetwork.org
10.152.223.233 DRA002.dra.mnc002.mcc250.3gppnetwork.org
10.152.209.20 dra1.pcrf1.mc.pccm.epc.mnc002.mcc250.3gppnetwork.org
10.152.209.21 dra2.pcrf1.mc.pccm.epc.mnc002.mcc250.3gppnetwork.org
10.152.210.20 dra1.pcrf2.mc.pccm.epc.mnc002.mcc250.3gppnetwork.org
10.152.210.21 dra2.pcrf2.mc.pccm.epc.mnc002.mcc250.3gppnetwork.org
10.99.16.155 brt-m.ocs.epc.mnc002.mcc250.3gppnetwork.org
10.99.16.157 brt-s.ocs.epc.mnc002.mcc250.3gppnetwork.org

10.62.26.135 CNT_DC1_vPCEF_PTS_01 pts1 pts01_01.dc1.vpcef.mc.mnc002.mcc250.3gppnetwork.org
10.62.26.136 CNT_DC1_vPCEF_PTS_02 pts2 pts01_02.dc1.vpcef.mc.mnc002.mcc250.3gppnetwork.org
10.62.26.137 CNT_DC1_vPCEF_PTS_03 pts3 pts02_03.dc1.vpcef.mc.mnc002.mcc250.3gppnetwork.org
10.62.26.138 CNT_DC1_vPCEF_PTS_04 pts4 pts02_04.dc1.vpcef.mc.mnc002.mcc250.3gppnetwork.org
10.62.26.139 CNT_DC1_vPCEF_PTS_05 pts5 pts03_05.dc1.vpcef.mc.mnc002.mcc250.3gppnetwork.org
10.62.26.140 CNT_DC1_vPCEF_PTS_06 pts6 pts03_06.dc1.vpcef.mc.mnc002.mcc250.3gppnetwork.org
10.62.26.141 CNT_DC1_vPCEF_PTS_07 pts7 pts04_07.dc1.vpcef.mc.mnc002.mcc250.3gppnetwork.org
10.62.26.142 CNT_DC1_vPCEF_PTS_08 pts8 pts04_08.dc1.vpcef.mc.mnc002.mcc250.3gppnetwork.org
10.62.26.143 CNT_DC1_vPCEF_PTS_09 pts9 pts05_09.dc1.vpcef.mc.mnc002.mcc250.3gppnetwork.org
10.62.26.144 CNT_DC1_vPCEF_PTS_10 pts10 pts05_10.dc1.vpcef.mc.mnc002.mcc250.3gppnetwork.org
10.62.26.167 CNT_DC1_vPCEF_TSE_01 tse1
10.62.26.168 CNT_DC1_vPCEF_TSE_02 tse2
10.62.26.169 CNT_DC1_vPCEF_TSE_03 tse3
10.62.26.170 CNT_DC1_vPCEF_TSE_04 tse4
10.62.26.171 CNT_DC1_vPCEF_TSE_05 tse5
10.62.26.172 CNT_DC1_vPCEF_TSE_06 tse6

10.62.26.204 CNT_DC1_vPCEF_SDE_SM_01 sdesm1
10.62.26.213 CNT_DC1_vPCEF_SDE_SM_02 sdesm2

10.62.27.37 CNT_DC1_vPCEF_SDE_RG_01 sderg1
10.62.27.38 CNT_DC1_vPCEF_SDE_RG_02 sderg2
10.62.27.39 CNT_DC1_vPCEF_SDE_RG_03 sderg3
10.62.27.40 CNT_DC1_vPCEF_SDE_RG_04 sderg4
10.62.27.44 CNT_DC1_vPCEF_SDE_RG_08 sderg8
10.62.27.45 CNT_DC1_vPCEF_SDE_RG_09 sderg9
10.62.27.46 CNT_DC1_vPCEF_SDE_RG_10 sderg10
10.62.27.47 CNT_DC1_vPCEF_SDE_RG_11 sderg11
10.62.27.51 CNT_DC1_vPCEF_SDE_POD_01 sdepod1

10.62.26.220 CNT_DC1_vPCEF_SPB_LIC_01 lic1
10.62.26.221 CNT_DC1_vPCEF_SPB_LIC_02 lic2

10.62.26.199 CNTDC1vPCEFSPBSM01 cntdc1vpcefspbsm01 spbsm1
10.62.26.200 CNTDC1vPCEFSPBDB01 cntdc1vpcefspbdb01 spbdb1
10.62.26.201 CNTDC1vPCEFCC01 cntdc1vpcefcc01 cc
10.62.26.202 CNTDC1vPCEFSPBSM02 cntdc1vpcefspbsm02 spbsm2
10.62.26.203 CNTDC1vPCEFSPBDB02 cntdc1vpcefspbdb02 spbdb2

10.62.27.14 pts05_10.dc1.vpcef.msk.mnc002.mcc250.3gppnetwork.org

#BEGIN Added by Ansible (PM and Core VM hosts)
10.104.184.194 sib-pm-pcef.megafon.ru sib-pm-pcef
10.66.94.68 url-pcef-mon1.megafon.ru url-pm-pcef
10.62.26.114 core-cf-dc1 core1
10.62.28.114 core-cf-dc2 core2
#END Added by Ansible (PM and Core VM hosts)
-------------------------------

SVDIAG SHELL: hostname
cnt_dc1_vpcef_pts_10
-------------------------------

SVDIAG SHELL: sysctl -a
abi.vsyscall32 = 1
crypto.fips_enabled = 0
debug.exception-trace = 1
debug.kprobes-optimization = 1
debug.panic_on_rcu_stall = 0
dev.hpet.max-user-freq = 64
dev.mac_hid.mouse_button2_keycode = 97
dev.mac_hid.mouse_button3_keycode = 100
dev.mac_hid.mouse_button_emulation = 0
dev.parport.default.spintime = 500
dev.parport.default.timeslice = 200
dev.raid.speed_limit_max = 200000
dev.raid.speed_limit_min = 1000
dev.scsi.logging_level = 0
fs.aio-max-nr = 65536
fs.aio-nr = 1088
fs.binfmt_misc.status = enabled
fs.dentry-state = 51442493	51430324	45	0	0	0
fs.dir-notify-enable = 1
fs.epoll.max_user_watches = 12621312
fs.file-max = 6108933
fs.file-nr = 7752	0	6108933
fs.inode-nr = 50219	2986
fs.inode-state = 50219	2986	0	0	0	0	0
fs.inotify.max_queued_events = 16384
fs.inotify.max_user_instances = 128
fs.inotify.max_user_watches = 8192
fs.lease-break-time = 45
fs.leases-enable = 1
fs.may_detach_mounts = 0
fs.mqueue.msg_default = 10
fs.mqueue.msg_max = 10
fs.mqueue.msgsize_default = 8192
fs.mqueue.msgsize_max = 8192
fs.mqueue.queues_max = 256
fs.nfs.nlm_grace_period = 0
fs.nfs.nlm_tcpport = 0
fs.nfs.nlm_timeout = 10
fs.nfs.nlm_udpport = 0
fs.nfs.nsm_local_state = 0
fs.nfs.nsm_use_hostnames = 0
fs.nr_open = 1048576
fs.overflowgid = 65534
fs.overflowuid = 65534
fs.pipe-max-size = 1048576
fs.pipe-user-pages-hard = 0
fs.pipe-user-pages-soft = 16384
fs.protected_hardlinks = 1
fs.protected_symlinks = 1
fs.quota.allocated_dquots = 0
fs.quota.cache_hits = 0
fs.quota.drops = 0
fs.quota.free_dquots = 0
fs.quota.lookups = 0
fs.quota.reads = 0
fs.quota.syncs = 4
fs.quota.warnings = 1
fs.quota.writes = 0
fs.suid_dumpable = 0
kernel.acct = 4	2	30
kernel.acpi_video_flags = 0
kernel.auto_msgmni = 1
kernel.bootloader_type = 114
kernel.bootloader_version = 2
kernel.cad_pid = 1
kernel.cap_last_cap = 36
kernel.compat-log = 1
kernel.core_pattern = core_%e.%p
kernel.core_pipe_limit = 0
kernel.core_uses_pid = 1
kernel.ctrl-alt-del = 0
kernel.dmesg_restrict = 0
kernel.domainname = (none)
kernel.ftrace_dump_on_oops = 0
kernel.ftrace_enabled = 1
kernel.hardlockup_all_cpu_backtrace = 0
kernel.hardlockup_panic = 1
kernel.hostname = cnt_dc1_vpcef_pts_10
kernel.hotplug = 
kernel.hung_task_check_count = 4194304
kernel.hung_task_panic = 0
kernel.hung_task_timeout_secs = 120
kernel.hung_task_warnings = 10
kernel.io_delay_type = 0
kernel.kexec_load_disabled = 0
kernel.keys.gc_delay = 300
kernel.keys.maxbytes = 20000
kernel.keys.maxkeys = 200
kernel.keys.persistent_keyring_expiry = 259200
kernel.keys.root_maxbytes = 25000000
kernel.keys.root_maxkeys = 1000000
kernel.kptr_restrict = 0
kernel.max_lock_depth = 1024
kernel.modprobe = /sbin/modprobe
kernel.modules_disabled = 0
kernel.msg_next_id = -1
kernel.msgmax = 8192
kernel.msgmnb = 16384
kernel.msgmni = 32768
kernel.ngroups_max = 65536
kernel.nmi_watchdog = 1
kernel.ns_last_pid = 30768
kernel.numa_balancing = 0
kernel.numa_balancing_scan_delay_ms = 1000
kernel.numa_balancing_scan_period_max_ms = 60000
kernel.numa_balancing_scan_period_min_ms = 1000
kernel.numa_balancing_scan_size_mb = 256
kernel.numa_balancing_settle_count = 4
kernel.osrelease = 3.10.0-693.21.1.el7.x86_64
kernel.ostype = Linux
kernel.overflowgid = 65534
kernel.overflowuid = 65534
kernel.panic = 0
kernel.panic_on_io_nmi = 0
kernel.panic_on_oops = 1
kernel.panic_on_stackoverflow = 0
kernel.panic_on_unrecovered_nmi = 0
kernel.panic_on_warn = 0
kernel.perf_cpu_time_max_percent = 25
kernel.perf_event_max_sample_rate = 100000
kernel.perf_event_mlock_kb = 516
kernel.perf_event_paranoid = 1
kernel.pid_max = 34816
kernel.poweroff_cmd = /sbin/poweroff
kernel.print-fatal-signals = 0
kernel.printk = 7	4	1	7
kernel.printk_delay = 0
kernel.printk_ratelimit = 5
kernel.printk_ratelimit_burst = 10
kernel.pty.max = 4096
kernel.pty.nr = 0
kernel.pty.reserve = 1024
kernel.random.boot_id = 59fc751c-3208-45fd-abef-7cfadbfa7cad
kernel.random.entropy_avail = 3754
kernel.random.poolsize = 4096
kernel.random.read_wakeup_threshold = 64
kernel.random.urandom_min_reseed_secs = 60
kernel.random.uuid = c1a3fd3e-c453-4793-8b7b-7e3cdeecd226
kernel.random.write_wakeup_threshold = 896
kernel.randomize_va_space = 2
kernel.real-root-dev = 0
kernel.sched_autogroup_enabled = 0
kernel.sched_cfs_bandwidth_slice_us = 5000
kernel.sched_child_runs_first = 0
kernel.sched_domain.cpu0.domain0.busy_factor = 32
kernel.sched_domain.cpu0.domain0.busy_idx = 0
kernel.sched_domain.cpu0.domain0.cache_nice_tries = 0
kernel.sched_domain.cpu0.domain0.flags = 687
kernel.sched_domain.cpu0.domain0.forkexec_idx = 0
kernel.sched_domain.cpu0.domain0.idle_idx = 0
kernel.sched_domain.cpu0.domain0.imbalance_pct = 110
kernel.sched_domain.cpu0.domain0.max_interval = 4
kernel.sched_domain.cpu0.domain0.max_newidle_lb_cost = 0
kernel.sched_domain.cpu0.domain0.min_interval = 2
kernel.sched_domain.cpu0.domain0.name = SMT
kernel.sched_domain.cpu0.domain0.newidle_idx = 0
kernel.sched_domain.cpu0.domain0.wake_idx = 0
kernel.sched_domain.cpu0.domain1.busy_factor = 32
kernel.sched_domain.cpu0.domain1.busy_idx = 2
kernel.sched_domain.cpu0.domain1.cache_nice_tries = 1
kernel.sched_domain.cpu0.domain1.flags = 4143
kernel.sched_domain.cpu0.domain1.forkexec_idx = 0
kernel.sched_domain.cpu0.domain1.idle_idx = 1
kernel.sched_domain.cpu0.domain1.imbalance_pct = 125
kernel.sched_domain.cpu0.domain1.max_interval = 68
kernel.sched_domain.cpu0.domain1.max_newidle_lb_cost = 0
kernel.sched_domain.cpu0.domain1.min_interval = 34
kernel.sched_domain.cpu0.domain1.name = DIE
kernel.sched_domain.cpu0.domain1.newidle_idx = 0
kernel.sched_domain.cpu0.domain1.wake_idx = 0
kernel.sched_domain.cpu1.domain0.busy_factor = 32
kernel.sched_domain.cpu1.domain0.busy_idx = 0
kernel.sched_domain.cpu1.domain0.cache_nice_tries = 0
kernel.sched_domain.cpu1.domain0.flags = 687
kernel.sched_domain.cpu1.domain0.forkexec_idx = 0
kernel.sched_domain.cpu1.domain0.idle_idx = 0
kernel.sched_domain.cpu1.domain0.imbalance_pct = 110
kernel.sched_domain.cpu1.domain0.max_interval = 4
kernel.sched_domain.cpu1.domain0.max_newidle_lb_cost = 0
kernel.sched_domain.cpu1.domain0.min_interval = 2
kernel.sched_domain.cpu1.domain0.name = SMT
kernel.sched_domain.cpu1.domain0.newidle_idx = 0
kernel.sched_domain.cpu1.domain0.wake_idx = 0
kernel.sched_domain.cpu1.domain1.busy_factor = 32
kernel.sched_domain.cpu1.domain1.busy_idx = 2
kernel.sched_domain.cpu1.domain1.cache_nice_tries = 1
kernel.sched_domain.cpu1.domain1.flags = 4143
kernel.sched_domain.cpu1.domain1.forkexec_idx = 0
kernel.sched_domain.cpu1.domain1.idle_idx = 1
kernel.sched_domain.cpu1.domain1.imbalance_pct = 125
kernel.sched_domain.cpu1.domain1.max_interval = 68
kernel.sched_domain.cpu1.domain1.max_newidle_lb_cost = 0
kernel.sched_domain.cpu1.domain1.min_interval = 34
kernel.sched_domain.cpu1.domain1.name = DIE
kernel.sched_domain.cpu1.domain1.newidle_idx = 0
kernel.sched_domain.cpu1.domain1.wake_idx = 0
kernel.sched_domain.cpu2.domain0.busy_factor = 32
kernel.sched_domain.cpu2.domain0.busy_idx = 0
kernel.sched_domain.cpu2.domain0.cache_nice_tries = 0
kernel.sched_domain.cpu2.domain0.flags = 687
kernel.sched_domain.cpu2.domain0.forkexec_idx = 0
kernel.sched_domain.cpu2.domain0.idle_idx = 0
kernel.sched_domain.cpu2.domain0.imbalance_pct = 110
kernel.sched_domain.cpu2.domain0.max_interval = 4
kernel.sched_domain.cpu2.domain0.max_newidle_lb_cost = 0
kernel.sched_domain.cpu2.domain0.min_interval = 2
kernel.sched_domain.cpu2.domain0.name = SMT
kernel.sched_domain.cpu2.domain0.newidle_idx = 0
kernel.sched_domain.cpu2.domain0.wake_idx = 0
kernel.sched_domain.cpu2.domain1.busy_factor = 32
kernel.sched_domain.cpu2.domain1.busy_idx = 2
kernel.sched_domain.cpu2.domain1.cache_nice_tries = 1
kernel.sched_domain.cpu2.domain1.flags = 4143
kernel.sched_domain.cpu2.domain1.forkexec_idx = 0
kernel.sched_domain.cpu2.domain1.idle_idx = 1
kernel.sched_domain.cpu2.domain1.imbalance_pct = 125
kernel.sched_domain.cpu2.domain1.max_interval = 68
kernel.sched_domain.cpu2.domain1.max_newidle_lb_cost = 0
kernel.sched_domain.cpu2.domain1.min_interval = 34
kernel.sched_domain.cpu2.domain1.name = DIE
kernel.sched_domain.cpu2.domain1.newidle_idx = 0
kernel.sched_domain.cpu2.domain1.wake_idx = 0
kernel.sched_domain.cpu3.domain0.busy_factor = 32
kernel.sched_domain.cpu3.domain0.busy_idx = 0
kernel.sched_domain.cpu3.domain0.cache_nice_tries = 0
kernel.sched_domain.cpu3.domain0.flags = 687
kernel.sched_domain.cpu3.domain0.forkexec_idx = 0
kernel.sched_domain.cpu3.domain0.idle_idx = 0
kernel.sched_domain.cpu3.domain0.imbalance_pct = 110
kernel.sched_domain.cpu3.domain0.max_interval = 4
kernel.sched_domain.cpu3.domain0.max_newidle_lb_cost = 2134
kernel.sched_domain.cpu3.domain0.min_interval = 2
kernel.sched_domain.cpu3.domain0.name = SMT
kernel.sched_domain.cpu3.domain0.newidle_idx = 0
kernel.sched_domain.cpu3.domain0.wake_idx = 0
kernel.sched_domain.cpu3.domain1.busy_factor = 32
kernel.sched_domain.cpu3.domain1.busy_idx = 2
kernel.sched_domain.cpu3.domain1.cache_nice_tries = 1
kernel.sched_domain.cpu3.domain1.flags = 4143
kernel.sched_domain.cpu3.domain1.forkexec_idx = 0
kernel.sched_domain.cpu3.domain1.idle_idx = 1
kernel.sched_domain.cpu3.domain1.imbalance_pct = 125
kernel.sched_domain.cpu3.domain1.max_interval = 68
kernel.sched_domain.cpu3.domain1.max_newidle_lb_cost = 68
kernel.sched_domain.cpu3.domain1.min_interval = 34
kernel.sched_domain.cpu3.domain1.name = DIE
kernel.sched_domain.cpu3.domain1.newidle_idx = 0
kernel.sched_domain.cpu3.domain1.wake_idx = 0
kernel.sched_latency_ns = 24000000
kernel.sched_migration_cost_ns = 500000
kernel.sched_min_granularity_ns = 10000000
kernel.sched_nr_migrate = 32
kernel.sched_rr_timeslice_ms = 100
kernel.sched_rt_period_us = 1000000
kernel.sched_rt_runtime_us = 950000
kernel.sched_schedstats = 0
kernel.sched_shares_window_ns = 10000000
kernel.sched_time_avg_ms = 1000
kernel.sched_tunable_scaling = 1
kernel.sched_wakeup_granularity_ns = 15000000
kernel.sem = 250	32000	32	128
kernel.sem_next_id = -1
kernel.shm_next_id = -1
kernel.shm_rmid_forced = 0
kernel.shmall = 18446744073692774399
kernel.shmmax = 18446744073692774399
kernel.shmmni = 4096
kernel.softlockup_all_cpu_backtrace = 0
kernel.softlockup_panic = 0
kernel.stack_tracer_enabled = 0
kernel.sysrq = 16
kernel.tainted = 12288
kernel.threads-max = 481464
kernel.timer_migration = 1
kernel.traceoff_on_warning = 0
kernel.unknown_nmi_panic = 0
kernel.usermodehelper.bset = 4294967295	31
kernel.usermodehelper.inheritable = 4294967295	31
kernel.version = #1 SMP Wed Mar 7 19:03:37 UTC 2018
kernel.watchdog = 1
kernel.watchdog_cpumask = 0-3
kernel.watchdog_thresh = 10
kernel.yama.ptrace_scope = 0
net.core.bpf_jit_enable = 0
net.core.busy_poll = 0
net.core.busy_read = 0
net.core.default_qdisc = pfifo_fast
net.core.dev_weight = 64
net.core.message_burst = 10
net.core.message_cost = 5
net.core.netdev_budget = 300
net.core.netdev_max_backlog = 1000
net.core.netdev_rss_key = 11:91:9f:9c:6b:e0:97:ab:43:2a:3e:f8:49:cb:9a:e5:dc:b1:98:94:91:78:0f:6c:6f:e1:dc:dd:30:ec:72:d8:aa:46:22:50:13:00:50:b2:35:2e:48:49:ab:a5:44:93:76:55:dd:22
net.core.netdev_tstamp_prequeue = 1
net.core.optmem_max = 20480
net.core.rmem_default = 212992
net.core.rmem_max = 212992
net.core.rps_sock_flow_entries = 0
net.core.somaxconn = 128
net.core.warnings = 1
net.core.wmem_default = 212992
net.core.wmem_max = 212992
net.core.xfrm_acq_expires = 30
net.core.xfrm_aevent_etime = 10
net.core.xfrm_aevent_rseqth = 2
net.core.xfrm_larval_drop = 1
net.ipv4.cipso_cache_bucket_size = 10
net.ipv4.cipso_cache_enable = 1
net.ipv4.cipso_rbm_optfmt = 0
net.ipv4.cipso_rbm_strictvalid = 1
net.ipv4.conf.all.accept_local = 0
net.ipv4.conf.all.accept_redirects = 1
net.ipv4.conf.all.accept_source_route = 0
net.ipv4.conf.all.arp_accept = 0
net.ipv4.conf.all.arp_announce = 0
net.ipv4.conf.all.arp_filter = 0
net.ipv4.conf.all.arp_ignore = 0
net.ipv4.conf.all.arp_notify = 0
net.ipv4.conf.all.bootp_relay = 0
net.ipv4.conf.all.disable_policy = 0
net.ipv4.conf.all.disable_xfrm = 0
net.ipv4.conf.all.force_igmp_version = 0
net.ipv4.conf.all.forwarding = 0
net.ipv4.conf.all.log_martians = 0
net.ipv4.conf.all.mc_forwarding = 0
net.ipv4.conf.all.medium_id = 0
net.ipv4.conf.all.promote_secondaries = 1
net.ipv4.conf.all.proxy_arp = 0
net.ipv4.conf.all.proxy_arp_pvlan = 0
net.ipv4.conf.all.route_localnet = 0
net.ipv4.conf.all.rp_filter = 1
net.ipv4.conf.all.secure_redirects = 1
net.ipv4.conf.all.send_redirects = 1
net.ipv4.conf.all.shared_media = 1
net.ipv4.conf.all.src_valid_mark = 0
net.ipv4.conf.all.tag = 0
net.ipv4.conf.default.accept_local = 0
net.ipv4.conf.default.accept_redirects = 1
net.ipv4.conf.default.accept_source_route = 0
net.ipv4.conf.default.arp_accept = 0
net.ipv4.conf.default.arp_announce = 0
net.ipv4.conf.default.arp_filter = 0
net.ipv4.conf.default.arp_ignore = 0
net.ipv4.conf.default.arp_notify = 0
net.ipv4.conf.default.bootp_relay = 0
net.ipv4.conf.default.disable_policy = 0
net.ipv4.conf.default.disable_xfrm = 0
net.ipv4.conf.default.force_igmp_version = 0
net.ipv4.conf.default.forwarding = 0
net.ipv4.conf.default.log_martians = 0
net.ipv4.conf.default.mc_forwarding = 0
net.ipv4.conf.default.medium_id = 0
net.ipv4.conf.default.promote_secondaries = 1
net.ipv4.conf.default.proxy_arp = 0
net.ipv4.conf.default.proxy_arp_pvlan = 0
net.ipv4.conf.default.route_localnet = 0
net.ipv4.conf.default.rp_filter = 1
net.ipv4.conf.default.secure_redirects = 1
net.ipv4.conf.default.send_redirects = 1
net.ipv4.conf.default.shared_media = 1
net.ipv4.conf.default.src_valid_mark = 0
net.ipv4.conf.default.tag = 0
net.ipv4.conf.ens6.accept_local = 0
net.ipv4.conf.ens6.accept_redirects = 1
net.ipv4.conf.ens6.accept_source_route = 0
net.ipv4.conf.ens6.arp_accept = 0
net.ipv4.conf.ens6.arp_announce = 0
net.ipv4.conf.ens6.arp_filter = 0
net.ipv4.conf.ens6.arp_ignore = 0
net.ipv4.conf.ens6.arp_notify = 0
net.ipv4.conf.ens6.bootp_relay = 0
net.ipv4.conf.ens6.disable_policy = 0
net.ipv4.conf.ens6.disable_xfrm = 0
net.ipv4.conf.ens6.force_igmp_version = 0
net.ipv4.conf.ens6.forwarding = 0
net.ipv4.conf.ens6.log_martians = 0
net.ipv4.conf.ens6.mc_forwarding = 0
net.ipv4.conf.ens6.medium_id = 0
net.ipv4.conf.ens6.promote_secondaries = 1
net.ipv4.conf.ens6.proxy_arp = 0
net.ipv4.conf.ens6.proxy_arp_pvlan = 0
net.ipv4.conf.ens6.route_localnet = 0
net.ipv4.conf.ens6.rp_filter = 1
net.ipv4.conf.ens6.secure_redirects = 1
net.ipv4.conf.ens6.send_redirects = 1
net.ipv4.conf.ens6.shared_media = 1
net.ipv4.conf.ens6.src_valid_mark = 0
net.ipv4.conf.ens6.tag = 0
net.ipv4.conf.eth0.accept_local = 0
net.ipv4.conf.eth0.accept_redirects = 1
net.ipv4.conf.eth0.accept_source_route = 0
net.ipv4.conf.eth0.arp_accept = 0
net.ipv4.conf.eth0.arp_announce = 0
net.ipv4.conf.eth0.arp_filter = 0
net.ipv4.conf.eth0.arp_ignore = 0
net.ipv4.conf.eth0.arp_notify = 0
net.ipv4.conf.eth0.bootp_relay = 0
net.ipv4.conf.eth0.disable_policy = 0
net.ipv4.conf.eth0.disable_xfrm = 0
net.ipv4.conf.eth0.force_igmp_version = 0
net.ipv4.conf.eth0.forwarding = 0
net.ipv4.conf.eth0.log_martians = 0
net.ipv4.conf.eth0.mc_forwarding = 0
net.ipv4.conf.eth0.medium_id = 0
net.ipv4.conf.eth0.promote_secondaries = 1
net.ipv4.conf.eth0.proxy_arp = 0
net.ipv4.conf.eth0.proxy_arp_pvlan = 0
net.ipv4.conf.eth0.route_localnet = 0
net.ipv4.conf.eth0.rp_filter = 1
net.ipv4.conf.eth0.secure_redirects = 1
net.ipv4.conf.eth0.send_redirects = 1
net.ipv4.conf.eth0.shared_media = 1
net.ipv4.conf.eth0.src_valid_mark = 0
net.ipv4.conf.eth0.tag = 0
net.ipv4.conf.eth1.accept_local = 0
net.ipv4.conf.eth1.accept_redirects = 1
net.ipv4.conf.eth1.accept_source_route = 0
net.ipv4.conf.eth1.arp_accept = 0
net.ipv4.conf.eth1.arp_announce = 0
net.ipv4.conf.eth1.arp_filter = 0
net.ipv4.conf.eth1.arp_ignore = 0
net.ipv4.conf.eth1.arp_notify = 0
net.ipv4.conf.eth1.bootp_relay = 0
net.ipv4.conf.eth1.disable_policy = 0
net.ipv4.conf.eth1.disable_xfrm = 0
net.ipv4.conf.eth1.force_igmp_version = 0
net.ipv4.conf.eth1.forwarding = 0
net.ipv4.conf.eth1.log_martians = 0
net.ipv4.conf.eth1.mc_forwarding = 0
net.ipv4.conf.eth1.medium_id = 0
net.ipv4.conf.eth1.promote_secondaries = 1
net.ipv4.conf.eth1.proxy_arp = 0
net.ipv4.conf.eth1.proxy_arp_pvlan = 0
net.ipv4.conf.eth1.route_localnet = 0
net.ipv4.conf.eth1.rp_filter = 1
net.ipv4.conf.eth1.secure_redirects = 1
net.ipv4.conf.eth1.send_redirects = 1
net.ipv4.conf.eth1.shared_media = 1
net.ipv4.conf.eth1.src_valid_mark = 0
net.ipv4.conf.eth1.tag = 0
net.ipv4.conf.lo.accept_local = 0
net.ipv4.conf.lo.accept_redirects = 1
net.ipv4.conf.lo.accept_source_route = 1
net.ipv4.conf.lo.arp_accept = 0
net.ipv4.conf.lo.arp_announce = 0
net.ipv4.conf.lo.arp_filter = 0
net.ipv4.conf.lo.arp_ignore = 0
net.ipv4.conf.lo.arp_notify = 0
net.ipv4.conf.lo.bootp_relay = 0
net.ipv4.conf.lo.disable_policy = 1
net.ipv4.conf.lo.disable_xfrm = 1
net.ipv4.conf.lo.force_igmp_version = 0
net.ipv4.conf.lo.forwarding = 0
net.ipv4.conf.lo.log_martians = 0
net.ipv4.conf.lo.mc_forwarding = 0
net.ipv4.conf.lo.medium_id = 0
net.ipv4.conf.lo.promote_secondaries = 0
net.ipv4.conf.lo.proxy_arp = 0
net.ipv4.conf.lo.proxy_arp_pvlan = 0
net.ipv4.conf.lo.route_localnet = 0
net.ipv4.conf.lo.rp_filter = 0
net.ipv4.conf.lo.secure_redirects = 1
net.ipv4.conf.lo.send_redirects = 1
net.ipv4.conf.lo.shared_media = 1
net.ipv4.conf.lo.src_valid_mark = 0
net.ipv4.conf.lo.tag = 0
net.ipv4.icmp_echo_ignore_all = 0
net.ipv4.icmp_echo_ignore_broadcasts = 1
net.ipv4.icmp_errors_use_inbound_ifaddr = 0
net.ipv4.icmp_ignore_bogus_error_responses = 1
net.ipv4.icmp_msgs_burst = 50
net.ipv4.icmp_msgs_per_sec = 1000
net.ipv4.icmp_ratelimit = 1000
net.ipv4.icmp_ratemask = 6168
net.ipv4.igmp_max_memberships = 20
net.ipv4.igmp_max_msf = 10
net.ipv4.igmp_qrv = 2
net.ipv4.inet_peer_maxttl = 600
net.ipv4.inet_peer_minttl = 120
net.ipv4.inet_peer_threshold = 65664
net.ipv4.ip_default_ttl = 64
net.ipv4.ip_dynaddr = 0
net.ipv4.ip_early_demux = 1
net.ipv4.ip_forward = 0
net.ipv4.ip_forward_use_pmtu = 0
net.ipv4.ip_local_port_range = 32768	60999
net.ipv4.ip_local_reserved_ports = 
net.ipv4.ip_no_pmtu_disc = 0
net.ipv4.ip_nonlocal_bind = 0
net.ipv4.ipfrag_high_thresh = 4194304
net.ipv4.ipfrag_low_thresh = 3145728
net.ipv4.ipfrag_max_dist = 64
net.ipv4.ipfrag_secret_interval = 600
net.ipv4.ipfrag_time = 30
net.ipv4.neigh.default.anycast_delay = 100
net.ipv4.neigh.default.app_solicit = 0
net.ipv4.neigh.default.base_reachable_time_ms = 30000
net.ipv4.neigh.default.delay_first_probe_time = 5
net.ipv4.neigh.default.gc_interval = 30
net.ipv4.neigh.default.gc_stale_time = 60
net.ipv4.neigh.default.gc_thresh1 = 128
net.ipv4.neigh.default.gc_thresh2 = 512
net.ipv4.neigh.default.gc_thresh3 = 1024
net.ipv4.neigh.default.locktime = 100
net.ipv4.neigh.default.mcast_solicit = 3
net.ipv4.neigh.default.proxy_delay = 80
net.ipv4.neigh.default.proxy_qlen = 64
net.ipv4.neigh.default.retrans_time_ms = 1000
net.ipv4.neigh.default.ucast_solicit = 3
net.ipv4.neigh.default.unres_qlen = 31
net.ipv4.neigh.default.unres_qlen_bytes = 65536
net.ipv4.neigh.ens6.anycast_delay = 100
net.ipv4.neigh.ens6.app_solicit = 0
net.ipv4.neigh.ens6.base_reachable_time_ms = 30000
net.ipv4.neigh.ens6.delay_first_probe_time = 5
net.ipv4.neigh.ens6.gc_stale_time = 60
net.ipv4.neigh.ens6.locktime = 100
net.ipv4.neigh.ens6.mcast_solicit = 3
net.ipv4.neigh.ens6.proxy_delay = 80
net.ipv4.neigh.ens6.proxy_qlen = 64
net.ipv4.neigh.ens6.retrans_time_ms = 1000
net.ipv4.neigh.ens6.ucast_solicit = 3
net.ipv4.neigh.ens6.unres_qlen = 31
net.ipv4.neigh.ens6.unres_qlen_bytes = 65536
net.ipv4.neigh.eth0.anycast_delay = 100
net.ipv4.neigh.eth0.app_solicit = 0
net.ipv4.neigh.eth0.base_reachable_time_ms = 30000
net.ipv4.neigh.eth0.delay_first_probe_time = 5
net.ipv4.neigh.eth0.gc_stale_time = 60
net.ipv4.neigh.eth0.locktime = 100
net.ipv4.neigh.eth0.mcast_solicit = 3
net.ipv4.neigh.eth0.proxy_delay = 80
net.ipv4.neigh.eth0.proxy_qlen = 64
net.ipv4.neigh.eth0.retrans_time_ms = 1000
net.ipv4.neigh.eth0.ucast_solicit = 3
net.ipv4.neigh.eth0.unres_qlen = 31
net.ipv4.neigh.eth0.unres_qlen_bytes = 65536
net.ipv4.neigh.eth1.anycast_delay = 100
net.ipv4.neigh.eth1.app_solicit = 0
net.ipv4.neigh.eth1.base_reachable_time_ms = 30000
net.ipv4.neigh.eth1.delay_first_probe_time = 5
net.ipv4.neigh.eth1.gc_stale_time = 60
net.ipv4.neigh.eth1.locktime = 100
net.ipv4.neigh.eth1.mcast_solicit = 3
net.ipv4.neigh.eth1.proxy_delay = 80
net.ipv4.neigh.eth1.proxy_qlen = 64
net.ipv4.neigh.eth1.retrans_time_ms = 1000
net.ipv4.neigh.eth1.ucast_solicit = 3
net.ipv4.neigh.eth1.unres_qlen = 31
net.ipv4.neigh.eth1.unres_qlen_bytes = 65536
net.ipv4.neigh.lo.anycast_delay = 100
net.ipv4.neigh.lo.app_solicit = 0
net.ipv4.neigh.lo.base_reachable_time_ms = 30000
net.ipv4.neigh.lo.delay_first_probe_time = 5
net.ipv4.neigh.lo.gc_stale_time = 60
net.ipv4.neigh.lo.locktime = 100
net.ipv4.neigh.lo.mcast_solicit = 3
net.ipv4.neigh.lo.proxy_delay = 80
net.ipv4.neigh.lo.proxy_qlen = 64
net.ipv4.neigh.lo.retrans_time_ms = 1000
net.ipv4.neigh.lo.ucast_solicit = 3
net.ipv4.neigh.lo.unres_qlen = 31
net.ipv4.neigh.lo.unres_qlen_bytes = 65536
net.ipv4.ping_group_range = 1	0
net.ipv4.route.error_burst = 5000
net.ipv4.route.error_cost = 1000
net.ipv4.route.gc_elasticity = 8
net.ipv4.route.gc_interval = 60
net.ipv4.route.gc_min_interval = 0
net.ipv4.route.gc_min_interval_ms = 500
net.ipv4.route.gc_thresh = -1
net.ipv4.route.gc_timeout = 300
net.ipv4.route.max_size = 2147483647
net.ipv4.route.min_adv_mss = 256
net.ipv4.route.min_pmtu = 552
net.ipv4.route.mtu_expires = 600
net.ipv4.route.redirect_load = 20
net.ipv4.route.redirect_number = 9
net.ipv4.route.redirect_silence = 20480
net.ipv4.tcp_abort_on_overflow = 0
net.ipv4.tcp_adv_win_scale = 1
net.ipv4.tcp_allowed_congestion_control = cubic reno
net.ipv4.tcp_app_win = 31
net.ipv4.tcp_autocorking = 1
net.ipv4.tcp_available_congestion_control = cubic reno
net.ipv4.tcp_base_mss = 512
net.ipv4.tcp_challenge_ack_limit = 1000
net.ipv4.tcp_congestion_control = cubic
net.ipv4.tcp_dsack = 1
net.ipv4.tcp_early_retrans = 3
net.ipv4.tcp_ecn = 2
net.ipv4.tcp_fack = 1
net.ipv4.tcp_fastopen = 0
net.ipv4.tcp_fastopen_key = 00000000-00000000-00000000-00000000
net.ipv4.tcp_fin_timeout = 60
net.ipv4.tcp_frto = 2
net.ipv4.tcp_invalid_ratelimit = 500
net.ipv4.tcp_keepalive_intvl = 75
net.ipv4.tcp_keepalive_probes = 9
net.ipv4.tcp_keepalive_time = 7200
net.ipv4.tcp_limit_output_bytes = 262144
net.ipv4.tcp_low_latency = 0
net.ipv4.tcp_max_orphans = 262144
net.ipv4.tcp_max_ssthresh = 0
net.ipv4.tcp_max_syn_backlog = 2048
net.ipv4.tcp_max_tw_buckets = 262144
net.ipv4.tcp_mem = 1443129	1924175	2886258
net.ipv4.tcp_min_tso_segs = 2
net.ipv4.tcp_moderate_rcvbuf = 1
net.ipv4.tcp_mtu_probing = 0
net.ipv4.tcp_no_metrics_save = 0
net.ipv4.tcp_notsent_lowat = -1
net.ipv4.tcp_orphan_retries = 0
net.ipv4.tcp_reordering = 3
net.ipv4.tcp_retrans_collapse = 1
net.ipv4.tcp_retries1 = 3
net.ipv4.tcp_retries2 = 15
net.ipv4.tcp_rfc1337 = 0
net.ipv4.tcp_rmem = 4096	87380	6291456
net.ipv4.tcp_sack = 1
net.ipv4.tcp_slow_start_after_idle = 1
net.ipv4.tcp_stdurg = 0
net.ipv4.tcp_syn_retries = 6
net.ipv4.tcp_synack_retries = 5
net.ipv4.tcp_syncookies = 1
net.ipv4.tcp_thin_dupack = 0
net.ipv4.tcp_thin_linear_timeouts = 0
net.ipv4.tcp_timestamps = 1
net.ipv4.tcp_tso_win_divisor = 3
net.ipv4.tcp_tw_recycle = 0
net.ipv4.tcp_tw_reuse = 0
net.ipv4.tcp_window_scaling = 1
net.ipv4.tcp_wmem = 4096	16384	4194304
net.ipv4.tcp_workaround_signed_windows = 0
net.ipv4.udp_mem = 1444395	1925860	2888790
net.ipv4.udp_rmem_min = 4096
net.ipv4.udp_wmem_min = 4096
net.ipv4.xfrm4_gc_thresh = 32768
net.ipv6.anycast_src_echo_reply = 0
net.ipv6.bindv6only = 0
net.ipv6.conf.all.accept_dad = 1
net.ipv6.conf.all.accept_ra = 1
net.ipv6.conf.all.accept_ra_defrtr = 1
net.ipv6.conf.all.accept_ra_pinfo = 1
net.ipv6.conf.all.accept_ra_rt_info_max_plen = 0
net.ipv6.conf.all.accept_ra_rtr_pref = 1
net.ipv6.conf.all.accept_redirects = 1
net.ipv6.conf.all.accept_source_route = 0
net.ipv6.conf.all.autoconf = 1
net.ipv6.conf.all.dad_transmits = 1
net.ipv6.conf.all.disable_ipv6 = 0
net.ipv6.conf.all.force_mld_version = 0
net.ipv6.conf.all.force_tllao = 0
net.ipv6.conf.all.forwarding = 0
net.ipv6.conf.all.hop_limit = 64
net.ipv6.conf.all.max_addresses = 16
net.ipv6.conf.all.max_desync_factor = 600
net.ipv6.conf.all.mc_forwarding = 0
net.ipv6.conf.all.mldv1_unsolicited_report_interval = 10000
net.ipv6.conf.all.mldv2_unsolicited_report_interval = 1000
net.ipv6.conf.all.mtu = 1280
net.ipv6.conf.all.ndisc_notify = 0
net.ipv6.conf.all.optimistic_dad = 0
net.ipv6.conf.all.proxy_ndp = 0
net.ipv6.conf.all.regen_max_retry = 3
net.ipv6.conf.all.router_probe_interval = 60
net.ipv6.conf.all.router_solicitation_delay = 1
net.ipv6.conf.all.router_solicitation_interval = 4
net.ipv6.conf.all.router_solicitations = 3
net.ipv6.conf.all.temp_prefered_lft = 86400
net.ipv6.conf.all.temp_valid_lft = 604800
net.ipv6.conf.all.use_tempaddr = 0
net.ipv6.conf.default.accept_dad = 1
net.ipv6.conf.default.accept_ra = 1
net.ipv6.conf.default.accept_ra_defrtr = 1
net.ipv6.conf.default.accept_ra_pinfo = 1
net.ipv6.conf.default.accept_ra_rt_info_max_plen = 0
net.ipv6.conf.default.accept_ra_rtr_pref = 1
net.ipv6.conf.default.accept_redirects = 1
net.ipv6.conf.default.accept_source_route = 0
net.ipv6.conf.default.autoconf = 1
net.ipv6.conf.default.dad_transmits = 1
net.ipv6.conf.default.disable_ipv6 = 0
net.ipv6.conf.default.force_mld_version = 0
net.ipv6.conf.default.force_tllao = 0
net.ipv6.conf.default.forwarding = 0
net.ipv6.conf.default.hop_limit = 64
net.ipv6.conf.default.max_addresses = 16
net.ipv6.conf.default.max_desync_factor = 600
net.ipv6.conf.default.mc_forwarding = 0
net.ipv6.conf.default.mldv1_unsolicited_report_interval = 10000
net.ipv6.conf.default.mldv2_unsolicited_report_interval = 1000
net.ipv6.conf.default.mtu = 1280
net.ipv6.conf.default.ndisc_notify = 0
net.ipv6.conf.default.optimistic_dad = 0
net.ipv6.conf.default.proxy_ndp = 0
net.ipv6.conf.default.regen_max_retry = 3
net.ipv6.conf.default.router_probe_interval = 60
net.ipv6.conf.default.router_solicitation_delay = 1
net.ipv6.conf.default.router_solicitation_interval = 4
net.ipv6.conf.default.router_solicitations = 3
net.ipv6.conf.default.temp_prefered_lft = 86400
net.ipv6.conf.default.temp_valid_lft = 604800
net.ipv6.conf.default.use_tempaddr = 0
net.ipv6.conf.ens6.accept_dad = 1
net.ipv6.conf.ens6.accept_ra = 1
net.ipv6.conf.ens6.accept_ra_defrtr = 1
net.ipv6.conf.ens6.accept_ra_pinfo = 1
net.ipv6.conf.ens6.accept_ra_rt_info_max_plen = 0
net.ipv6.conf.ens6.accept_ra_rtr_pref = 1
net.ipv6.conf.ens6.accept_redirects = 1
net.ipv6.conf.ens6.accept_source_route = 0
net.ipv6.conf.ens6.autoconf = 1
net.ipv6.conf.ens6.dad_transmits = 1
net.ipv6.conf.ens6.disable_ipv6 = 0
net.ipv6.conf.ens6.force_mld_version = 0
net.ipv6.conf.ens6.force_tllao = 0
net.ipv6.conf.ens6.forwarding = 0
net.ipv6.conf.ens6.hop_limit = 64
net.ipv6.conf.ens6.max_addresses = 16
net.ipv6.conf.ens6.max_desync_factor = 600
net.ipv6.conf.ens6.mc_forwarding = 0
net.ipv6.conf.ens6.mldv1_unsolicited_report_interval = 10000
net.ipv6.conf.ens6.mldv2_unsolicited_report_interval = 1000
net.ipv6.conf.ens6.mtu = 1500
net.ipv6.conf.ens6.ndisc_notify = 0
net.ipv6.conf.ens6.optimistic_dad = 0
net.ipv6.conf.ens6.proxy_ndp = 0
net.ipv6.conf.ens6.regen_max_retry = 3
net.ipv6.conf.ens6.router_probe_interval = 60
net.ipv6.conf.ens6.router_solicitation_delay = 1
net.ipv6.conf.ens6.router_solicitation_interval = 4
net.ipv6.conf.ens6.router_solicitations = 3
net.ipv6.conf.ens6.temp_prefered_lft = 86400
net.ipv6.conf.ens6.temp_valid_lft = 604800
net.ipv6.conf.ens6.use_tempaddr = 0
net.ipv6.conf.eth0.accept_dad = 1
net.ipv6.conf.eth0.accept_ra = 1
net.ipv6.conf.eth0.accept_ra_defrtr = 1
net.ipv6.conf.eth0.accept_ra_pinfo = 1
net.ipv6.conf.eth0.accept_ra_rt_info_max_plen = 0
net.ipv6.conf.eth0.accept_ra_rtr_pref = 1
net.ipv6.conf.eth0.accept_redirects = 1
net.ipv6.conf.eth0.accept_source_route = 0
net.ipv6.conf.eth0.autoconf = 1
net.ipv6.conf.eth0.dad_transmits = 1
net.ipv6.conf.eth0.disable_ipv6 = 0
net.ipv6.conf.eth0.force_mld_version = 0
net.ipv6.conf.eth0.force_tllao = 0
net.ipv6.conf.eth0.forwarding = 0
net.ipv6.conf.eth0.hop_limit = 64
net.ipv6.conf.eth0.max_addresses = 16
net.ipv6.conf.eth0.max_desync_factor = 600
net.ipv6.conf.eth0.mc_forwarding = 0
net.ipv6.conf.eth0.mldv1_unsolicited_report_interval = 10000
net.ipv6.conf.eth0.mldv2_unsolicited_report_interval = 1000
net.ipv6.conf.eth0.mtu = 1500
net.ipv6.conf.eth0.ndisc_notify = 0
net.ipv6.conf.eth0.optimistic_dad = 0
net.ipv6.conf.eth0.proxy_ndp = 0
net.ipv6.conf.eth0.regen_max_retry = 3
net.ipv6.conf.eth0.router_probe_interval = 60
net.ipv6.conf.eth0.router_solicitation_delay = 1
net.ipv6.conf.eth0.router_solicitation_interval = 4
net.ipv6.conf.eth0.router_solicitations = 3
net.ipv6.conf.eth0.temp_prefered_lft = 86400
net.ipv6.conf.eth0.temp_valid_lft = 604800
net.ipv6.conf.eth0.use_tempaddr = 0
net.ipv6.conf.eth1.accept_dad = 1
net.ipv6.conf.eth1.accept_ra = 1
net.ipv6.conf.eth1.accept_ra_defrtr = 1
net.ipv6.conf.eth1.accept_ra_pinfo = 1
net.ipv6.conf.eth1.accept_ra_rt_info_max_plen = 0
net.ipv6.conf.eth1.accept_ra_rtr_pref = 1
net.ipv6.conf.eth1.accept_redirects = 1
net.ipv6.conf.eth1.accept_source_route = 0
net.ipv6.conf.eth1.autoconf = 1
net.ipv6.conf.eth1.dad_transmits = 1
net.ipv6.conf.eth1.disable_ipv6 = 0
net.ipv6.conf.eth1.force_mld_version = 0
net.ipv6.conf.eth1.force_tllao = 0
net.ipv6.conf.eth1.forwarding = 0
net.ipv6.conf.eth1.hop_limit = 64
net.ipv6.conf.eth1.max_addresses = 16
net.ipv6.conf.eth1.max_desync_factor = 600
net.ipv6.conf.eth1.mc_forwarding = 0
net.ipv6.conf.eth1.mldv1_unsolicited_report_interval = 10000
net.ipv6.conf.eth1.mldv2_unsolicited_report_interval = 1000
net.ipv6.conf.eth1.mtu = 1500
net.ipv6.conf.eth1.ndisc_notify = 0
net.ipv6.conf.eth1.optimistic_dad = 0
net.ipv6.conf.eth1.proxy_ndp = 0
net.ipv6.conf.eth1.regen_max_retry = 3
net.ipv6.conf.eth1.router_probe_interval = 60
net.ipv6.conf.eth1.router_solicitation_delay = 1
net.ipv6.conf.eth1.router_solicitation_interval = 4
net.ipv6.conf.eth1.router_solicitations = 3
net.ipv6.conf.eth1.temp_prefered_lft = 86400
net.ipv6.conf.eth1.temp_valid_lft = 604800
net.ipv6.conf.eth1.use_tempaddr = 0
net.ipv6.conf.lo.accept_dad = -1
net.ipv6.conf.lo.accept_ra = 1
net.ipv6.conf.lo.accept_ra_defrtr = 1
net.ipv6.conf.lo.accept_ra_pinfo = 1
net.ipv6.conf.lo.accept_ra_rt_info_max_plen = 0
net.ipv6.conf.lo.accept_ra_rtr_pref = 1
net.ipv6.conf.lo.accept_redirects = 1
net.ipv6.conf.lo.accept_source_route = 0
net.ipv6.conf.lo.autoconf = 1
net.ipv6.conf.lo.dad_transmits = 1
net.ipv6.conf.lo.disable_ipv6 = 0
net.ipv6.conf.lo.force_mld_version = 0
net.ipv6.conf.lo.force_tllao = 0
net.ipv6.conf.lo.forwarding = 0
net.ipv6.conf.lo.hop_limit = 64
net.ipv6.conf.lo.max_addresses = 16
net.ipv6.conf.lo.max_desync_factor = 600
net.ipv6.conf.lo.mc_forwarding = 0
net.ipv6.conf.lo.mldv1_unsolicited_report_interval = 10000
net.ipv6.conf.lo.mldv2_unsolicited_report_interval = 1000
net.ipv6.conf.lo.mtu = 65536
net.ipv6.conf.lo.ndisc_notify = 0
net.ipv6.conf.lo.optimistic_dad = 0
net.ipv6.conf.lo.proxy_ndp = 0
net.ipv6.conf.lo.regen_max_retry = 3
net.ipv6.conf.lo.router_probe_interval = 60
net.ipv6.conf.lo.router_solicitation_delay = 1
net.ipv6.conf.lo.router_solicitation_interval = 4
net.ipv6.conf.lo.router_solicitations = 3
net.ipv6.conf.lo.temp_prefered_lft = 86400
net.ipv6.conf.lo.temp_valid_lft = 604800
net.ipv6.conf.lo.use_tempaddr = -1
net.ipv6.icmp.ratelimit = 1000
net.ipv6.idgen_delay = 1
net.ipv6.idgen_retries = 3
net.ipv6.ip6frag_high_thresh = 4194304
net.ipv6.ip6frag_low_thresh = 3145728
net.ipv6.ip6frag_secret_interval = 600
net.ipv6.ip6frag_time = 60
net.ipv6.ip_nonlocal_bind = 0
net.ipv6.mld_max_msf = 64
net.ipv6.mld_qrv = 2
net.ipv6.neigh.default.anycast_delay = 100
net.ipv6.neigh.default.app_solicit = 0
net.ipv6.neigh.default.base_reachable_time_ms = 30000
net.ipv6.neigh.default.delay_first_probe_time = 5
net.ipv6.neigh.default.gc_interval = 30
net.ipv6.neigh.default.gc_stale_time = 60
net.ipv6.neigh.default.gc_thresh1 = 128
net.ipv6.neigh.default.gc_thresh2 = 512
net.ipv6.neigh.default.gc_thresh3 = 1024
net.ipv6.neigh.default.locktime = 0
net.ipv6.neigh.default.mcast_solicit = 3
net.ipv6.neigh.default.proxy_delay = 80
net.ipv6.neigh.default.proxy_qlen = 64
net.ipv6.neigh.default.retrans_time_ms = 1000
net.ipv6.neigh.default.ucast_solicit = 3
net.ipv6.neigh.default.unres_qlen = 31
net.ipv6.neigh.default.unres_qlen_bytes = 65536
net.ipv6.neigh.ens6.anycast_delay = 100
net.ipv6.neigh.ens6.app_solicit = 0
net.ipv6.neigh.ens6.base_reachable_time_ms = 30000
net.ipv6.neigh.ens6.delay_first_probe_time = 5
net.ipv6.neigh.ens6.gc_stale_time = 60
net.ipv6.neigh.ens6.locktime = 0
net.ipv6.neigh.ens6.mcast_solicit = 3
net.ipv6.neigh.ens6.proxy_delay = 80
net.ipv6.neigh.ens6.proxy_qlen = 64
net.ipv6.neigh.ens6.retrans_time_ms = 1000
net.ipv6.neigh.ens6.ucast_solicit = 3
net.ipv6.neigh.ens6.unres_qlen = 31
net.ipv6.neigh.ens6.unres_qlen_bytes = 65536
net.ipv6.neigh.eth0.anycast_delay = 100
net.ipv6.neigh.eth0.app_solicit = 0
net.ipv6.neigh.eth0.base_reachable_time_ms = 30000
net.ipv6.neigh.eth0.delay_first_probe_time = 5
net.ipv6.neigh.eth0.gc_stale_time = 60
net.ipv6.neigh.eth0.locktime = 0
net.ipv6.neigh.eth0.mcast_solicit = 3
net.ipv6.neigh.eth0.proxy_delay = 80
net.ipv6.neigh.eth0.proxy_qlen = 64
net.ipv6.neigh.eth0.retrans_time_ms = 1000
net.ipv6.neigh.eth0.ucast_solicit = 3
net.ipv6.neigh.eth0.unres_qlen = 31
net.ipv6.neigh.eth0.unres_qlen_bytes = 65536
net.ipv6.neigh.eth1.anycast_delay = 100
net.ipv6.neigh.eth1.app_solicit = 0
net.ipv6.neigh.eth1.base_reachable_time_ms = 30000
net.ipv6.neigh.eth1.delay_first_probe_time = 5
net.ipv6.neigh.eth1.gc_stale_time = 60
net.ipv6.neigh.eth1.locktime = 0
net.ipv6.neigh.eth1.mcast_solicit = 3
net.ipv6.neigh.eth1.proxy_delay = 80
net.ipv6.neigh.eth1.proxy_qlen = 64
net.ipv6.neigh.eth1.retrans_time_ms = 1000
net.ipv6.neigh.eth1.ucast_solicit = 3
net.ipv6.neigh.eth1.unres_qlen = 31
net.ipv6.neigh.eth1.unres_qlen_bytes = 65536
net.ipv6.neigh.lo.anycast_delay = 100
net.ipv6.neigh.lo.app_solicit = 0
net.ipv6.neigh.lo.base_reachable_time_ms = 30000
net.ipv6.neigh.lo.delay_first_probe_time = 5
net.ipv6.neigh.lo.gc_stale_time = 60
net.ipv6.neigh.lo.locktime = 0
net.ipv6.neigh.lo.mcast_solicit = 3
net.ipv6.neigh.lo.proxy_delay = 80
net.ipv6.neigh.lo.proxy_qlen = 64
net.ipv6.neigh.lo.retrans_time_ms = 1000
net.ipv6.neigh.lo.ucast_solicit = 3
net.ipv6.neigh.lo.unres_qlen = 31
net.ipv6.neigh.lo.unres_qlen_bytes = 65536
net.ipv6.route.gc_elasticity = 9
net.ipv6.route.gc_interval = 30
net.ipv6.route.gc_min_interval = 0
net.ipv6.route.gc_min_interval_ms = 500
net.ipv6.route.gc_thresh = 1024
net.ipv6.route.gc_timeout = 60
net.ipv6.route.max_size = 16384
net.ipv6.route.min_adv_mss = 1220
net.ipv6.route.mtu_expires = 600
net.ipv6.xfrm6_gc_thresh = 32768
net.netfilter.nf_conntrack_acct = 0
net.netfilter.nf_conntrack_buckets = 65536
net.netfilter.nf_conntrack_checksum = 1
net.netfilter.nf_conntrack_count = 303
net.netfilter.nf_conntrack_dccp_loose = 1
net.netfilter.nf_conntrack_dccp_timeout_closereq = 64
net.netfilter.nf_conntrack_dccp_timeout_closing = 64
net.netfilter.nf_conntrack_dccp_timeout_open = 43200
net.netfilter.nf_conntrack_dccp_timeout_partopen = 480
net.netfilter.nf_conntrack_dccp_timeout_request = 240
net.netfilter.nf_conntrack_dccp_timeout_respond = 480
net.netfilter.nf_conntrack_dccp_timeout_timewait = 240
net.netfilter.nf_conntrack_events = 1
net.netfilter.nf_conntrack_events_retry_timeout = 15
net.netfilter.nf_conntrack_expect_max = 1024
net.netfilter.nf_conntrack_generic_timeout = 600
net.netfilter.nf_conntrack_helper = 1
net.netfilter.nf_conntrack_icmp_timeout = 30
net.netfilter.nf_conntrack_log_invalid = 0
net.netfilter.nf_conntrack_max = 262144
net.netfilter.nf_conntrack_sctp_timeout_closed = 10
net.netfilter.nf_conntrack_sctp_timeout_cookie_echoed = 3
net.netfilter.nf_conntrack_sctp_timeout_cookie_wait = 3
net.netfilter.nf_conntrack_sctp_timeout_established = 432000
net.netfilter.nf_conntrack_sctp_timeout_heartbeat_acked = 210
net.netfilter.nf_conntrack_sctp_timeout_heartbeat_sent = 30
net.netfilter.nf_conntrack_sctp_timeout_shutdown_ack_sent = 3
net.netfilter.nf_conntrack_sctp_timeout_shutdown_recd = 0
net.netfilter.nf_conntrack_sctp_timeout_shutdown_sent = 0
net.netfilter.nf_conntrack_tcp_be_liberal = 0
net.netfilter.nf_conntrack_tcp_loose = 1
net.netfilter.nf_conntrack_tcp_max_retrans = 3
net.netfilter.nf_conntrack_tcp_timeout_close = 10
net.netfilter.nf_conntrack_tcp_timeout_close_wait = 60
net.netfilter.nf_conntrack_tcp_timeout_established = 432000
net.netfilter.nf_conntrack_tcp_timeout_fin_wait = 120
net.netfilter.nf_conntrack_tcp_timeout_last_ack = 30
net.netfilter.nf_conntrack_tcp_timeout_max_retrans = 300
net.netfilter.nf_conntrack_tcp_timeout_syn_recv = 60
net.netfilter.nf_conntrack_tcp_timeout_syn_sent = 120
net.netfilter.nf_conntrack_tcp_timeout_time_wait = 120
net.netfilter.nf_conntrack_tcp_timeout_unacknowledged = 300
net.netfilter.nf_conntrack_timestamp = 0
net.netfilter.nf_conntrack_udp_timeout = 30
net.netfilter.nf_conntrack_udp_timeout_stream = 180
net.netfilter.nf_log.0 = NONE
net.netfilter.nf_log.1 = NONE
net.netfilter.nf_log.10 = NONE
net.netfilter.nf_log.11 = NONE
net.netfilter.nf_log.12 = NONE
net.netfilter.nf_log.2 = nfnetlink_log
net.netfilter.nf_log.3 = NONE
net.netfilter.nf_log.4 = NONE
net.netfilter.nf_log.5 = NONE
net.netfilter.nf_log.6 = NONE
net.netfilter.nf_log.7 = NONE
net.netfilter.nf_log.8 = NONE
net.netfilter.nf_log.9 = NONE
net.nf_conntrack_max = 262144
net.unix.max_dgram_qlen = 512
sunrpc.max_resvport = 1023
sunrpc.min_resvport = 665
sunrpc.nfs_debug = 0x0000
sunrpc.nfsd_debug = 0x0000
sunrpc.nlm_debug = 0x0000
sunrpc.rpc_debug = 0x0000
sunrpc.tcp_fin_timeout = 15
sunrpc.tcp_max_slot_table_entries = 65536
sunrpc.tcp_slot_table_entries = 2
sunrpc.transports = tcp 1048576
sunrpc.transports = udp 32768
sunrpc.transports = tcp-bc 1048576
sunrpc.udp_slot_table_entries = 16
user.max_ipc_namespaces = 240732
user.max_mnt_namespaces = 240732
user.max_net_namespaces = 240732
user.max_pid_namespaces = 240732
user.max_user_namespaces = 0
user.max_uts_namespaces = 240732
vm.admin_reserve_kbytes = 8192
vm.block_dump = 0
vm.dirty_background_bytes = 0
vm.dirty_background_ratio = 10
vm.dirty_bytes = 0
vm.dirty_expire_centisecs = 3000
vm.dirty_ratio = 30
vm.dirty_writeback_centisecs = 500
vm.drop_caches = 0
vm.extfrag_threshold = 500
vm.hugepages_treat_as_movable = 0
vm.hugetlb_shm_group = 0
vm.laptop_mode = 0
vm.legacy_va_layout = 0
vm.lowmem_reserve_ratio = 256	256	32
vm.max_map_count = 65530
vm.memory_failure_early_kill = 0
vm.memory_failure_recovery = 1
vm.min_free_kbytes = 67584
vm.min_slab_ratio = 5
vm.min_unmapped_ratio = 1
vm.mmap_min_addr = 4096
vm.mmap_rnd_bits = 28
vm.mmap_rnd_compat_bits = 8
vm.nr_hugepages = 12
vm.nr_hugepages_mempolicy = 12
vm.nr_overcommit_hugepages = 0
vm.nr_pdflush_threads = 0
vm.numa_zonelist_order = default
vm.oom_dump_tasks = 1
vm.oom_kill_allocating_task = 0
vm.overcommit_kbytes = 0
vm.overcommit_memory = 0
vm.overcommit_ratio = 50
vm.page-cluster = 3
vm.panic_on_oom = 0
vm.percpu_pagelist_fraction = 0
vm.stat_interval = 1
vm.swappiness = 30
vm.user_reserve_kbytes = 131072
vm.vfs_cache_pressure = 100
vm.zone_reclaim_mode = 0
-------------------------------

SVDIAG SHELL: mount -l
sysfs on /sys type sysfs (rw,nosuid,nodev,noexec,relatime)
proc on /proc type proc (rw,nosuid,nodev,noexec,relatime)
devtmpfs on /dev type devtmpfs (rw,nosuid,size=30813768k,nr_inodes=7703442,mode=755)
securityfs on /sys/kernel/security type securityfs (rw,nosuid,nodev,noexec,relatime)
tmpfs on /dev/shm type tmpfs (rw,nosuid,nodev)
devpts on /dev/pts type devpts (rw,nosuid,noexec,relatime,gid=5,mode=620,ptmxmode=000)
tmpfs on /run type tmpfs (rw,nosuid,nodev,mode=755)
tmpfs on /sys/fs/cgroup type tmpfs (ro,nosuid,nodev,noexec,mode=755)
cgroup on /sys/fs/cgroup/systemd type cgroup (rw,nosuid,nodev,noexec,relatime,xattr,release_agent=/usr/lib/systemd/systemd-cgroups-agent,name=systemd)
pstore on /sys/fs/pstore type pstore (rw,nosuid,nodev,noexec,relatime)
cgroup on /sys/fs/cgroup/freezer type cgroup (rw,nosuid,nodev,noexec,relatime,freezer)
cgroup on /sys/fs/cgroup/hugetlb type cgroup (rw,nosuid,nodev,noexec,relatime,hugetlb)
cgroup on /sys/fs/cgroup/cpu,cpuacct type cgroup (rw,nosuid,nodev,noexec,relatime,cpuacct,cpu)
cgroup on /sys/fs/cgroup/pids type cgroup (rw,nosuid,nodev,noexec,relatime,pids)
cgroup on /sys/fs/cgroup/devices type cgroup (rw,nosuid,nodev,noexec,relatime,devices)
cgroup on /sys/fs/cgroup/blkio type cgroup (rw,nosuid,nodev,noexec,relatime,blkio)
cgroup on /sys/fs/cgroup/memory type cgroup (rw,nosuid,nodev,noexec,relatime,memory)
cgroup on /sys/fs/cgroup/perf_event type cgroup (rw,nosuid,nodev,noexec,relatime,perf_event)
cgroup on /sys/fs/cgroup/net_cls,net_prio type cgroup (rw,nosuid,nodev,noexec,relatime,net_prio,net_cls)
cgroup on /sys/fs/cgroup/cpuset type cgroup (rw,nosuid,nodev,noexec,relatime,cpuset)
configfs on /sys/kernel/config type configfs (rw,relatime)
/dev/vda1 on / type ext4 (rw,relatime,data=ordered)
rpc_pipefs on /var/lib/nfs/rpc_pipefs type rpc_pipefs (rw,relatime)
systemd-1 on /proc/sys/fs/binfmt_misc type autofs (rw,relatime,fd=30,pgrp=1,timeout=0,minproto=5,maxproto=5,direct,pipe_ino=14063)
mqueue on /dev/mqueue type mqueue (rw,relatime)
hugetlbfs on /dev/hugepages type hugetlbfs (rw,relatime)
debugfs on /sys/kernel/debug type debugfs (rw,relatime)
nfsd on /proc/fs/nfsd type nfsd (rw,relatime)
tmpfs on /run/user/0 type tmpfs (rw,nosuid,nodev,relatime,size=6167680k,mode=700)
binfmt_misc on /proc/sys/fs/binfmt_misc type binfmt_misc (rw,relatime)
tmpfs on /run/netns type tmpfs (rw,nosuid,nodev,mode=755)
proc on /run/netns/sv_data type proc (rw,nosuid,nodev,noexec,relatime)
proc on /run/netns/sv_data type proc (rw,nosuid,nodev,noexec,relatime)
proc on /run/netns/subscriber type proc (rw,nosuid,nodev,noexec,relatime)
proc on /run/netns/subscriber type proc (rw,nosuid,nodev,noexec,relatime)
proc on /run/netns/internet type proc (rw,nosuid,nodev,noexec,relatime)
proc on /run/netns/internet type proc (rw,nosuid,nodev,noexec,relatime)
-------------------------------

SVDIAG SHELL: crontab -l
-------------------------------

SVDIAG SHELL: cat /etc/crontab
SHELL=/bin/bash
PATH=/sbin:/bin:/usr/sbin:/usr/bin
MAILTO=root

# For details see man 4 crontabs

# Example of job definition:
# .---------------- minute (0 - 59)
# |  .------------- hour (0 - 23)
# |  |  .---------- day of month (1 - 31)
# |  |  |  .------- month (1 - 12) OR jan,feb,mar,apr ...
# |  |  |  |  .---- day of week (0 - 6) (Sunday=0 or 7) OR sun,mon,tue,wed,thu,fri,sat
# |  |  |  |  |
# *  *  *  *  * user-name  command to be executed

# Do logging every hour, but not at hour boundary 
22 * * * * root /usr/local/sandvine/svcounters/svcounters.sh -t 18 2>&1 | logger -t svcounters

# Do cleanup some time mid-day to prevent filling the disk
11 03 * * * root /usr/local/sandvine/svcounters/cleanup.sh 2>&1 | logger -t svcounters

-------------------------------

SVDIAG SHELL: ls -ltr /etc
total 1500
-rw-r--r--   1 root root       1634 Dec 25  2012 rpc
-rw-r--r--   1 root root         28 Feb 27  2013 ld.so.conf
-rw-r--r--.  1 root root         76 Jun  7  2013 shells
-rw-r--r--.  1 root root     670293 Jun  7  2013 services
-rw-r--r--.  1 root root       6545 Jun  7  2013 protocols
-rw-r--r--.  1 root root        233 Jun  7  2013 printcap
-rw-r--r--.  1 root root        942 Jun  7  2013 inputrc
-rw-r--r--.  1 root root        460 Jun  7  2013 hosts.deny
-rw-r--r--.  1 root root        370 Jun  7  2013 hosts.allow
-rw-r--r--.  1 root root          9 Jun  7  2013 host.conf
-rw-r--r--.  1 root root          0 Jun  7  2013 exports
-rw-r--r--.  1 root root        841 Jun  7  2013 csh.login
-rw-r--r--.  1 root root       1518 Jun  7  2013 aliases
-rw-r--r--.  1 root root        662 Jul 31  2013 logrotate.conf
-rw-r--r--.  1 root root       2391 Oct 12  2013 libuser.conf
-rw-r--r--   1 root root       1272 Jan 26  2014 smi.conf
-rw-r--r--.  1 root root       5171 Jun  9  2014 man_db.conf
drwxr-xr-x.  2 root root       4096 Jun  9  2014 cron.weekly
drwxr-xr-x.  2 root root       4096 Jun  9  2014 cron.monthly
-rw-r--r--.  1 root root       1787 Jun 10  2014 request-key.conf
drwxr-xr-x.  2 root root       4096 Jun 10  2014 popt.d
-rw-r--r--   1 root root        577 Aug  5  2015 odbcinst.ini
-rw-r--r--.  1 root root       6722 Feb 16  2016 screenrc
-rw-r--r--.  1 root root       4669 Nov  4  2016 DIR_COLORS.lightbgcolor
-rw-r--r--.  1 root root       5725 Nov  4  2016 DIR_COLORS.256color
-rw-r--r--.  1 root root       5090 Nov  4  2016 DIR_COLORS
-rw-r--r--.  1 root root       2028 Nov  4  2016 login.defs
-rw-------.  1 root root       1001 Nov  5  2016 xinetd.conf
drwxr-xr-x.  2 root root       4096 Nov  5  2016 opt
drwxr-xr-x.  2 root root       4096 Nov  5  2016 gnupg
drwxr-xr-x   2 root root       4096 Nov  5  2016 stunnel
-rw-r--r--.  1 root root          0 Nov  5  2016 subuid
-rw-r--r--.  1 root root          0 Nov  5  2016 subgid
-rw-------.  1 root root        221 Nov  5  2016 securetty
-rw-r--r--.  1 root root       1795 Nov  5  2016 profile
-rw-r--r--.  1 root root         70 Nov  5  2016 filesystems
-rw-r--r--.  1 root root          0 Nov  5  2016 environment
-rw-r--r--.  1 root root       1620 Nov  5  2016 csh.cshrc
-rw-r--r--.  1 root root       2853 Nov  5  2016 bashrc
-rw-r--r--.  1 root root        111 Nov  5  2016 magic
-rw-r--r--.  1 root root        858 Nov  5  2016 GeoIP.conf.default
-rw-r--r--.  1 root root        842 Nov  5  2016 GeoIP.conf
-rw-r--r--.  1 root root       1317 Nov  5  2016 ethertypes
-rw-r-----.  1 root chrony      481 Jan 31  2017 chrony.keys
-rw-r--r--.  1 root root       1108 Jan 31  2017 chrony.conf
-rw-r--r--.  1 root root         55 Mar  1  2017 asound.conf
-rw-r--r--.  1 root root        112 Mar 16  2017 e2fsck.conf
-rw-r--r--.  1 root root         94 Mar 24  2017 GREP_COLORS
-rw-r-----.  1 root root        191 Apr 19  2017 libaudit.conf
-rw-r--r--.  1 root root        590 Apr 28  2017 krb5.conf
-rw-r--r--.  1 root root       3232 May 10  2017 rsyslog.conf
-rw-r--r--.  1 root root        570 Jun  8  2017 my.cnf
-rw-r--r--.  1 root root       1735 Aug  1  2017 nsswitch.conf.bak
-rw-r--r--.  1 root root       1982 Aug  2  2017 virc
-rw-r--r--.  1 root root       1982 Aug  2  2017 vimrc
-rw-r--r--.  1 root root        458 Aug  2  2017 rsyncd.conf
-rw-r--r--.  1 root root       4849 Aug  2  2017 idmapd.conf
drwxr-xr-x.  2 root root       4096 Aug  2  2017 gcrypt
-rw-r--r--.  1 root root        936 Aug  3  2017 mke2fs.conf
-rw-r--r--   1 root root       1968 Aug  3  2017 mail.rc
-rw-------.  1 root root          0 Aug  3  2017 cron.deny
-rw-------.  1 root root        541 Aug  3  2017 anacrontab
-rw-------   1 tss  tss        7046 Aug  3  2017 tcsd.conf
drwxr-xr-x.  2 root root       4096 Aug  3  2017 krb5.conf.d
-rw-r--r--.  1 root root        767 Aug  4  2017 netconfig
-rw-r--r--.  1 root root        216 Aug  4  2017 sestatus.conf
drwxr-xr-x.  2 root root       4096 Aug  4  2017 chkconfig.d
-rw-r--r--.  1 root root         23 Aug 30  2017 system-release-cpe
-rw-r--r--.  1 root root        393 Aug 30  2017 os-release
-rw-r--r--.  1 root root         22 Aug 30  2017 issue.net
-rw-r--r--.  1 root root         51 Aug 30  2017 centos-release-upstream
-rw-r--r--.  1 root root         38 Aug 30  2017 centos-release
-rw-r-----.  1 root root       3181 Sep  6  2017 sudo-ldap.conf
-rw-r-----.  1 root root       1786 Sep  6  2017 sudo.conf
drwxr-xr-x.  2 root root       4096 Sep  6  2017 terminfo
-rw-r--r--.  1 root root       5122 Oct 19  2017 makedumpfile.conf.sample
-rw-r--r--.  1 root root       4479 Oct 26  2017 wgetrc
drwxr-xr-x.  2 root root       4096 Jan  5  2018 dracut.conf.d
-rw-r--r--.  1 root root       1285 Jan  5  2018 dracut.conf
-rw-r--r--.  1 root root        750 Jan 22  2018 trusted-key.key
drwxr-xr-x.  2 root root       4096 Jan 25  2018 gdbinit.d
-rw-r--r--.  1 root root        265 Jan 25  2018 gdbinit
-rw-r--r--   1 root root          1 Jan 25  2018 at.deny
-rw-r--r--.  1 root root        449 Jan 25  2018 sysctl.conf
drwxr-xr-x.  2 root root       4096 Jan 25  2018 statetab.d
-rw-r--r--.  1 root root        212 Jan 25  2018 statetab
drwxr-xr-x.  2 root root       4096 Jan 25  2018 rwtab.d
-rw-r--r--.  1 root root        966 Jan 25  2018 rwtab
-rw-r--r--.  1 root root         58 Jan 25  2018 networks
-rw-r--r--.  1 root root        511 Jan 25  2018 inittab
-rw-r--r--   1 root root        100 Jan 25  2018 sos.conf
-rw-r--r--.  1 root root        970 Jan 30  2018 yum.conf
drwxr-xr-x.  2 root root       4096 Mar  7  2018 tmpfiles.d
drwxr-xr-x.  2 root root       4096 Mar  7  2018 modules-load.d
drwxr-xr-x.  2 root root       4096 Mar  7  2018 binfmt.d
-rw-r--r--.  1 root root       3390 Mar  7  2018 nfsmount.conf
-rw-r--r--.  1 root root        955 Mar  7  2018 nfs.conf
drwxr-xr-x.  2 root root       4096 Mar  7  2018 exports.d
drwxr-xr-x.  5 root root       4096 Mar  7  2018 selinux
drwxr-x---.  4 root root       4096 Mar 13  2018 dhcp
-rw-r--r--.  1 root root        313 Nov 19  2018 fstab
-rw-------.  1 root root          0 Nov 19  2018 crypttab
lrwxrwxrwx.  1 root root         17 Nov 19  2018 mtab -> /proc/self/mounts
lrwxrwxrwx.  1 root root         14 Nov 19  2018 redhat-release -> centos-release
lrwxrwxrwx.  1 root root         14 Nov 19  2018 system-release -> centos-release
drwxr-xr-x.  5 root root       4096 Nov 19  2018 pm
lrwxrwxrwx.  1 root root         11 Nov 19  2018 init.d -> rc.d/init.d
drwxr-xr-x.  2 root root       4096 Nov 19  2018 libnl
drwxr-xr-x.  4 root root       4096 Nov 19  2018 groff
drwxr-xr-x.  3 root root       4096 Nov 19  2018 pkcs11
drwxr-xr-x.  2 root root       4096 Nov 19  2018 iproute2
drwxr-xr-x.  3 root root       4096 Nov 19  2018 gss
drwxr-xr-x.  2 root root       4096 Nov 19  2018 python
drwxr-xr-x.  6 root root       4096 Nov 19  2018 security
lrwxrwxrwx.  1 root root         56 Nov 19  2018 favicon.png -> /usr/share/icons/hicolor/16x16/apps/fedora-logo-icon.png
drwxr-xr-x.  2 root root       4096 Nov 19  2018 my.cnf.d
drwxr-xr-x.  3 root root       4096 Nov 19  2018 openldap
drwxr-xr-x.  2 root root       4096 Nov 19  2018 rpm
drwxr-xr-x.  5 root root       4096 Nov 19  2018 X11
drwxr-xr-x.  4 root root       4096 Nov 19  2018 xdg
drwxr-xr-x.  4 root root       4096 Nov 19  2018 dbus-1
drwxr-xr-x.  5 root root       4096 Nov 19  2018 polkit-1
drwxr-xr-x.  2 root root       4096 Nov 19  2018 plymouth
drwxr-xr-x.  2 root root       4096 Nov 19  2018 xinetd.d
drwxr-xr-x.  2 root root       4096 Nov 19  2018 sasl2
drwxr-xr-x.  2 root root       4096 Nov 19  2018 postfix
drwxr-x---.  3 root root       4096 Nov 19  2018 audisp
drwxr-xr-x.  3 root root       4096 Nov 19  2018 qemu-ga
-rw-r--r--.  1 root root         37 Nov 19  2018 vconsole.conf
lrwxrwxrwx.  1 root root         25 Nov 19  2018 localtime -> ../usr/share/zoneinfo/UTC
-rw-r--r--.  1 root root         16 Nov 19  2018 adjtime
drwxr-xr-x.  2 root root       4096 Nov 19  2018 skel
drwxr-xr-x.  2 root root       4096 Nov 19  2018 alternatives
drwxr-xr-x.  2 root root       4096 Nov 19  2018 depmod.d
lrwxrwxrwx.  1 root root         13 Nov 19  2018 rc.local -> rc.d/rc.local
drwxr-xr-x.  4 root root       4096 Nov 19  2018 systemd
drwxr-xr-x.  3 root root       4096 Nov 19  2018 ppp
lrwxrwxrwx.  1 root root         10 Nov 19  2018 rc1.d -> rc.d/rc1.d
lrwxrwxrwx.  1 root root         10 Nov 19  2018 rc0.d -> rc.d/rc0.d
lrwxrwxrwx.  1 root root         10 Nov 19  2018 rc4.d -> rc.d/rc4.d
lrwxrwxrwx.  1 root root         10 Nov 19  2018 rc3.d -> rc.d/rc3.d
lrwxrwxrwx.  1 root root         10 Nov 19  2018 rc2.d -> rc.d/rc2.d
lrwxrwxrwx.  1 root root         10 Nov 19  2018 rc6.d -> rc.d/rc6.d
lrwxrwxrwx.  1 root root         10 Nov 19  2018 rc5.d -> rc.d/rc5.d
drwxr-xr-x.  2 root root       4096 Nov 19  2018 sysctl.d
drwx------.  2 root root       4096 Nov 19  2018 grub.d
lrwxrwxrwx.  1 root root         22 Nov 19  2018 grub2.cfg -> ../boot/grub2/grub.cfg
drwxr-xr-x.  2 root root       4096 Nov 19  2018 wpa_supplicant
-rw-r--r--.  1 root root       7265 Nov 19  2018 kdump.conf
drwxr-xr-x.  2 root root       4096 Nov 19  2018 tuned
drwxr-xr-x.  2 root root       4096 Nov 19  2018 gssproxy
drwxr-xr-x.  2 root root       4096 Nov 19  2018 modprobe.d
drwxr-xr-x.  2 root root       4096 Nov 19  2018 request-key.d
drwxr-xr-x.  6 root root       4096 Nov 19  2018 yum
drwxr-x---.  3 root root       4096 Nov 19  2018 audit
drwxr-xr-x.  3 root root       4096 Nov 19  2018 udev
-rw-r--r--   1 root root      12288 Nov 19  2018 aliases.db
drwxr-xr-x   4 root root       4096 Nov 19  2018 kernel
drwxr-xr-x.  2 root root       4096 Nov 19  2018 bash_completion.d
drwxr-xr-x   2 root root       4096 Nov 19  2018 dkms
drwxr-xr-x.  2 root root       4096 Nov 19  2018 prelink.conf.d
drwxr-xr-x. 10 root root       4096 Nov 19  2018 pki
drwxr-xr-x.  2 root root       4096 Nov 19  2018 ld.so.conf.d
drwxr-xr-x   4 root root       4096 Nov 19  2018 euca2ools
drwxr-xr-x   4 root root       4096 Nov 19  2018 cloud
drwxr-xr-x.  3 root root       4096 Nov 19  2018 NetworkManager
drwxr-xr-x   3 root root       4096 Nov 19  2018 fonts
drwxr-xr-x.  2 root root       4096 Nov 19  2018 cron.d
drwxr-xr-x   5 root root       4096 Nov 19  2018 libreport
drwxr-xr-x.  2 root root       4096 Nov 19  2018 logrotate.d
drwxr-xr-x   4 root root       4096 Nov 19  2018 nginx
drwxr-xr-x   3 root root       4096 Nov 19  2018 abrt
drwxr-xr-x.  3 root root       4096 Nov 19  2018 ssl
drwxr-x---.  7 root root       4096 Nov 19  2018 firewalld
-rw-r--r--.  1 root root        467 Nov 19  2018 issue
-rw-r--r--   1 root root         33 Aug 16  2019 machine-id
drwxr-xr-x.  2 root root       4096 Aug 16  2019 ssh
-rw-r--r--.  1 root root       2142 Aug 16  2019 ntp.conf
drwxr-xr-x.  3 root root       4096 Aug 16  2019 ntp
drwxr-xr-x   2 root root       4096 Aug 16  2019 mc
drwxr-xr-x.  2 root root       4096 Aug 16  2019 profile.d
drwxr-xr-x.  2 root root       4096 Aug 16  2019 default
-rw-r--r--   1 root root         37 Aug 16  2019 machine-info
-rw-r--r--   1 root root         21 Aug 16  2019 hostname
-rw-r--r--   1 root root         13 Aug 16  2019 serial
-rw-r--r--.  1 root root         17 Aug 16  2019 locale.conf
-rw-r--r--   1 root root      34613 Sep 25  2019 ld.so.cache
drwxr-xr-x. 10 root root       4096 Nov 27 11:25 rc.d
-rw-r--r--   1 root root        129 Dec  2 09:08 resolv.conf
-rw-r--r--   1 root root       2720 Dec 27 09:04 hosts.12712.2020-04-21@14:27:24~
-r--r--r--   1 sv   sv_admin     12 Jan 20 17:57 model
drwxr-xr-x.  2 root root       4096 Feb 11 00:00 cron.hourly
drwxr-xr-x.  2 root root       4096 Feb 11 00:00 cron.daily
drwxr-xr-x.  6 root root       4096 Feb 11 00:00 sysconfig
-rw-r--r--   1 root root        745 Feb 11 00:02 crontab.bak
drwxr-x---.  2 root root       4096 Feb 11 00:05 sudoers.d
-rw-r--r--.  1 root root          0 Feb 11 00:05 motd
-rw-r--r--   1 root root        745 Apr  1 00:13 crontab
drwxr-xr-x   2 root root       4096 Apr  1 00:18 snmp
drwxr-xr-x.  2 root root       4096 Apr 16 13:14 pam.d
-rw-r--r--   1 root root       1756 Apr 16 13:14 nsswitch.conf
----------.  1 root root       1005 Apr 16 15:13 shadow-
-rw-r--r--.  1 root root       1756 Apr 16 15:13 passwd-
----------.  1 root root        680 Apr 16 15:13 gshadow-
-rw-r--r--.  1 root root        823 Apr 16 15:13 group-
-rw-r--r--   1 root root       1802 Apr 17 07:37 passwd
----------   1 root root       1036 Apr 17 07:37 shadow
-rw-r--r--   1 root root        850 Apr 17 07:37 group
----------   1 root root        707 Apr 17 07:37 gshadow
-r--r-----   1 root root       3973 Apr 20 09:51 sudoers
-rw-r--r--   1 root root       2973 Apr 21 14:27 hosts
drwxr-xr-x.  2 root root       4096 Apr 21 14:29 yum.repos.d
drwxr-xr-x.  2 root root       4096 Apr 21 23:24 rsyslog.d
-------------------------------

SVDIAG SHELL: ifconfig -a
ens6: flags=4163<UP,BROADCAST,RUNNING,MULTICAST>  mtu 1500
        inet 192.168.201.13  netmask 255.255.255.128  broadcast 192.168.201.127
        inet6 fe80::5652:60ff:fe86:f8ed  prefixlen 64  scopeid 0x20<link>
        ether 54:52:60:86:f8:ed  txqueuelen 1000  (Ethernet)
        RX packets 6772637  bytes 433448768 (413.3 MiB)
        RX errors 0  dropped 0  overruns 0  frame 0
        TX packets 6769773  bytes 284331714 (271.1 MiB)
        TX errors 0  dropped 0 overruns 0  carrier 0  collisions 0

eth0: flags=4163<UP,BROADCAST,RUNNING,MULTICAST>  mtu 1500
        inet 10.62.26.144  netmask 255.255.255.128  broadcast 10.62.26.255
        inet6 fe80::f816:3eff:feba:ed41  prefixlen 64  scopeid 0x20<link>
        ether fa:16:3e:ba:ed:41  txqueuelen 1000  (Ethernet)
        RX packets 2621702396  bytes 4356973891756 (3.9 TiB)
        RX errors 0  dropped 0  overruns 0  frame 0
        TX packets 2129005271  bytes 227714664908 (212.0 GiB)
        TX errors 0  dropped 0 overruns 0  carrier 0  collisions 0

eth1: flags=4163<UP,BROADCAST,RUNNING,MULTICAST>  mtu 1500
        inet 10.62.27.14  netmask 255.255.255.192  broadcast 10.62.27.63
        inet6 fe80::f816:3eff:fed8:cfa7  prefixlen 64  scopeid 0x20<link>
        ether fa:16:3e:d8:cf:a7  txqueuelen 1000  (Ethernet)
        RX packets 3766046133  bytes 1159993096752 (1.0 TiB)
        RX errors 0  dropped 0  overruns 0  frame 0
        TX packets 3681826572  bytes 3415892013362 (3.1 TiB)
        TX errors 0  dropped 0 overruns 0  carrier 0  collisions 0

lo: flags=73<UP,LOOPBACK,RUNNING>  mtu 65536
        inet 127.0.0.1  netmask 255.0.0.0
        inet6 ::1  prefixlen 128  scopeid 0x10<host>
        loop  txqueuelen 1  (Local Loopback)
        RX packets 68491060933  bytes 139260743455599 (126.6 TiB)
        RX errors 0  dropped 0  overruns 0  frame 0
        TX packets 68491060933  bytes 139260743455599 (126.6 TiB)
        TX errors 0  dropped 0 overruns 0  carrier 0  collisions 0

lo:svcapture: flags=73<UP,LOOPBACK,RUNNING>  mtu 65536
        inet 169.254.128.1  netmask 255.255.255.255
        loop  txqueuelen 1  (Local Loopback)

-------------------------------

SVDIAG SHELL: dmesg
[    0.000000] Initializing cgroup subsys cpuset
[    0.000000] Initializing cgroup subsys cpu
[    0.000000] Initializing cgroup subsys cpuacct
[    0.000000] Linux version 3.10.0-693.21.1.el7.x86_64 (builder@kbuilder.dev.centos.org) (gcc version 4.8.5 20150623 (Red Hat 4.8.5-16) (GCC) ) #1 SMP Wed Mar 7 19:03:37 UTC 2018
[    0.000000] Command line: BOOT_IMAGE=/boot/vmlinuz-3.10.0-693.21.1.el7.x86_64 root=UUID=512eb2e1-c786-45ec-8346-c46432917fa1 ro console=ttyS0,115200n8 nomodeset crashkernel=auto isolcpus=4-33 rcu_nocbs=4-33 nohz_full=4-33 default_hugepagesz=1G hugepagesz=60 biosdevname=0 net.ifnames=1 intel_idle.max_cstate=0 intel_pstate=disable
[    0.000000] e820: BIOS-provided physical RAM map:
[    0.000000] BIOS-e820: [mem 0x0000000000000000-0x000000000009fbff] usable
[    0.000000] BIOS-e820: [mem 0x000000000009fc00-0x000000000009ffff] reserved
[    0.000000] BIOS-e820: [mem 0x00000000000f0000-0x00000000000fffff] reserved
[    0.000000] BIOS-e820: [mem 0x0000000000100000-0x00000000bffdbfff] usable
[    0.000000] BIOS-e820: [mem 0x00000000bffdc000-0x00000000bfffffff] reserved
[    0.000000] BIOS-e820: [mem 0x00000000feffc000-0x00000000feffffff] reserved
[    0.000000] BIOS-e820: [mem 0x00000000fffc0000-0x00000000ffffffff] reserved
[    0.000000] BIOS-e820: [mem 0x0000000100000000-0x0000000f3fffffff] usable
[    0.000000] NX (Execute Disable) protection: active
[    0.000000] SMBIOS 2.8 present.
[    0.000000] DMI: RDO OpenStack Compute, BIOS 1.10.2-3.el7_4.1 04/01/2014
[    0.000000] Hypervisor detected: KVM
[    0.000000] e820: update [mem 0x00000000-0x00000fff] usable ==> reserved
[    0.000000] e820: remove [mem 0x000a0000-0x000fffff] usable
[    0.000000] e820: last_pfn = 0xf40000 max_arch_pfn = 0x400000000
[    0.000000] MTRR default type: write-back
[    0.000000] MTRR fixed ranges enabled:
[    0.000000]   00000-9FFFF write-back
[    0.000000]   A0000-BFFFF uncachable
[    0.000000]   C0000-FFFFF write-protect
[    0.000000] MTRR variable ranges enabled:
[    0.000000]   0 base 0000C0000000 mask 3FFFC0000000 uncachable
[    0.000000]   1 disabled
[    0.000000]   2 disabled
[    0.000000]   3 disabled
[    0.000000]   4 disabled
[    0.000000]   5 disabled
[    0.000000]   6 disabled
[    0.000000]   7 disabled
[    0.000000] x86 PAT enabled: cpu 0, old 0x7040600070406, new 0x7010600070106
[    0.000000] e820: last_pfn = 0xbffdc max_arch_pfn = 0x400000000
[    0.000000] found SMP MP-table at [mem 0x000f71b0-0x000f71bf] mapped at [ffff8800000f71b0]
[    0.000000] Base memory trampoline at [ffff880000099000] 99000 size 24576
[    0.000000] Using GB pages for direct mapping
[    0.000000] BRK [0x02001000, 0x02001fff] PGTABLE
[    0.000000] BRK [0x02002000, 0x02002fff] PGTABLE
[    0.000000] BRK [0x02003000, 0x02003fff] PGTABLE
[    0.000000] RAMDISK: [mem 0x3234b000-0x3519dfff]
[    0.000000] Early table checksum verification disabled
[    0.000000] ACPI: RSDP 00000000000f7160 00014 (v00 BOCHS )
[    0.000000] ACPI: RSDT 00000000bffe1bb8 00030 (v01 BOCHS  BXPCRSDT 00000001 BXPC 00000001)
[    0.000000] ACPI: FACP 00000000bffe16fc 00074 (v01 BOCHS  BXPCFACP 00000001 BXPC 00000001)
[    0.000000] ACPI: DSDT 00000000bffdf780 01F7C (v01 BOCHS  BXPCDSDT 00000001 BXPC 00000001)
[    0.000000] ACPI: FACS 00000000bffdf740 00040
[    0.000000] ACPI: APIC 00000000bffe1770 00180 (v01 BOCHS  BXPCAPIC 00000001 BXPC 00000001)
[    0.000000] ACPI: SRAT 00000000bffe18f0 002C8 (v01 BOCHS  BXPCSRAT 00000001 BXPC 00000001)
[    0.000000] ACPI: Local APIC address 0xfee00000
[    0.000000] SRAT: PXM 0 -> APIC 0x00 -> Node 0
[    0.000000] SRAT: PXM 0 -> APIC 0x01 -> Node 0
[    0.000000] SRAT: PXM 0 -> APIC 0x02 -> Node 0
[    0.000000] SRAT: PXM 0 -> APIC 0x03 -> Node 0
[    0.000000] SRAT: PXM 0 -> APIC 0x04 -> Node 0
[    0.000000] SRAT: PXM 0 -> APIC 0x05 -> Node 0
[    0.000000] SRAT: PXM 0 -> APIC 0x06 -> Node 0
[    0.000000] SRAT: PXM 0 -> APIC 0x07 -> Node 0
[    0.000000] SRAT: PXM 0 -> APIC 0x08 -> Node 0
[    0.000000] SRAT: PXM 0 -> APIC 0x09 -> Node 0
[    0.000000] SRAT: PXM 0 -> APIC 0x0a -> Node 0
[    0.000000] SRAT: PXM 0 -> APIC 0x0b -> Node 0
[    0.000000] SRAT: PXM 0 -> APIC 0x0c -> Node 0
[    0.000000] SRAT: PXM 0 -> APIC 0x0d -> Node 0
[    0.000000] SRAT: PXM 0 -> APIC 0x0e -> Node 0
[    0.000000] SRAT: PXM 0 -> APIC 0x0f -> Node 0
[    0.000000] SRAT: PXM 0 -> APIC 0x10 -> Node 0
[    0.000000] SRAT: PXM 0 -> APIC 0x11 -> Node 0
[    0.000000] SRAT: PXM 0 -> APIC 0x12 -> Node 0
[    0.000000] SRAT: PXM 0 -> APIC 0x13 -> Node 0
[    0.000000] SRAT: PXM 0 -> APIC 0x14 -> Node 0
[    0.000000] SRAT: PXM 0 -> APIC 0x15 -> Node 0
[    0.000000] SRAT: PXM 0 -> APIC 0x16 -> Node 0
[    0.000000] SRAT: PXM 0 -> APIC 0x17 -> Node 0
[    0.000000] SRAT: PXM 0 -> APIC 0x18 -> Node 0
[    0.000000] SRAT: PXM 0 -> APIC 0x19 -> Node 0
[    0.000000] SRAT: PXM 0 -> APIC 0x1a -> Node 0
[    0.000000] SRAT: PXM 0 -> APIC 0x1b -> Node 0
[    0.000000] SRAT: PXM 0 -> APIC 0x1c -> Node 0
[    0.000000] SRAT: PXM 0 -> APIC 0x1d -> Node 0
[    0.000000] SRAT: PXM 0 -> APIC 0x1e -> Node 0
[    0.000000] SRAT: PXM 0 -> APIC 0x1f -> Node 0
[    0.000000] SRAT: PXM 0 -> APIC 0x20 -> Node 0
[    0.000000] SRAT: PXM 0 -> APIC 0x21 -> Node 0
[    0.000000] SRAT: Node 0 PXM 0 [mem 0x00000000-0x0009ffff]
[    0.000000] SRAT: Node 0 PXM 0 [mem 0x00100000-0xbfffffff]
[    0.000000] SRAT: Node 0 PXM 0 [mem 0x100000000-0xf3fffffff]
[    0.000000] NUMA: Node 0 [mem 0x00000000-0x0009ffff] + [mem 0x00100000-0xbfffffff] -> [mem 0x00000000-0xbfffffff]
[    0.000000] NUMA: Node 0 [mem 0x00000000-0xbfffffff] + [mem 0x100000000-0xf3fffffff] -> [mem 0x00000000-0xf3fffffff]
[    0.000000] NODE_DATA(0) allocated [mem 0xf3ffd7000-0xf3fffdfff]
[    0.000000] Reserving 164MB of memory at 624MB for crashkernel (System RAM: 61439MB)
[    0.000000] kvm-clock: Using msrs 4b564d01 and 4b564d00
[    0.000000] kvm-clock: cpu 0, msr f:3ff87001, primary cpu clock
[    0.000000] kvm-clock: using sched offset of 3957322845836593 cycles
[    0.000000] Zone ranges:
[    0.000000]   DMA      [mem 0x00001000-0x00ffffff]
[    0.000000]   DMA32    [mem 0x01000000-0xffffffff]
[    0.000000]   Normal   [mem 0x100000000-0xf3fffffff]
[    0.000000] Movable zone start for each node
[    0.000000] Early memory node ranges
[    0.000000]   node   0: [mem 0x00001000-0x0009efff]
[    0.000000]   node   0: [mem 0x00100000-0xbffdbfff]
[    0.000000]   node   0: [mem 0x100000000-0xf3fffffff]
[    0.000000] Initmem setup node 0 [mem 0x00001000-0xf3fffffff]
[    0.000000] On node 0 totalpages: 15728506
[    0.000000]   DMA zone: 64 pages used for memmap
[    0.000000]   DMA zone: 21 pages reserved
[    0.000000]   DMA zone: 3998 pages, LIFO batch:0
[    0.000000]   DMA32 zone: 12224 pages used for memmap
[    0.000000]   DMA32 zone: 782300 pages, LIFO batch:31
[    0.000000]   Normal zone: 233472 pages used for memmap
[    0.000000]   Normal zone: 14942208 pages, LIFO batch:31
[    0.000000] ACPI: PM-Timer IO Port: 0x608
[    0.000000] ACPI: Local APIC address 0xfee00000
[    0.000000] ACPI: LAPIC (acpi_id[0x00] lapic_id[0x00] enabled)
[    0.000000] ACPI: LAPIC (acpi_id[0x01] lapic_id[0x01] enabled)
[    0.000000] ACPI: LAPIC (acpi_id[0x02] lapic_id[0x02] enabled)
[    0.000000] ACPI: LAPIC (acpi_id[0x03] lapic_id[0x03] enabled)
[    0.000000] ACPI: LAPIC (acpi_id[0x04] lapic_id[0x04] enabled)
[    0.000000] ACPI: LAPIC (acpi_id[0x05] lapic_id[0x05] enabled)
[    0.000000] ACPI: LAPIC (acpi_id[0x06] lapic_id[0x06] enabled)
[    0.000000] ACPI: LAPIC (acpi_id[0x07] lapic_id[0x07] enabled)
[    0.000000] ACPI: LAPIC (acpi_id[0x08] lapic_id[0x08] enabled)
[    0.000000] ACPI: LAPIC (acpi_id[0x09] lapic_id[0x09] enabled)
[    0.000000] ACPI: LAPIC (acpi_id[0x0a] lapic_id[0x0a] enabled)
[    0.000000] ACPI: LAPIC (acpi_id[0x0b] lapic_id[0x0b] enabled)
[    0.000000] ACPI: LAPIC (acpi_id[0x0c] lapic_id[0x0c] enabled)
[    0.000000] ACPI: LAPIC (acpi_id[0x0d] lapic_id[0x0d] enabled)
[    0.000000] ACPI: LAPIC (acpi_id[0x0e] lapic_id[0x0e] enabled)
[    0.000000] ACPI: LAPIC (acpi_id[0x0f] lapic_id[0x0f] enabled)
[    0.000000] ACPI: LAPIC (acpi_id[0x10] lapic_id[0x10] enabled)
[    0.000000] ACPI: LAPIC (acpi_id[0x11] lapic_id[0x11] enabled)
[    0.000000] ACPI: LAPIC (acpi_id[0x12] lapic_id[0x12] enabled)
[    0.000000] ACPI: LAPIC (acpi_id[0x13] lapic_id[0x13] enabled)
[    0.000000] ACPI: LAPIC (acpi_id[0x14] lapic_id[0x14] enabled)
[    0.000000] ACPI: LAPIC (acpi_id[0x15] lapic_id[0x15] enabled)
[    0.000000] ACPI: LAPIC (acpi_id[0x16] lapic_id[0x16] enabled)
[    0.000000] ACPI: LAPIC (acpi_id[0x17] lapic_id[0x17] enabled)
[    0.000000] ACPI: LAPIC (acpi_id[0x18] lapic_id[0x18] enabled)
[    0.000000] ACPI: LAPIC (acpi_id[0x19] lapic_id[0x19] enabled)
[    0.000000] ACPI: LAPIC (acpi_id[0x1a] lapic_id[0x1a] enabled)
[    0.000000] ACPI: LAPIC (acpi_id[0x1b] lapic_id[0x1b] enabled)
[    0.000000] ACPI: LAPIC (acpi_id[0x1c] lapic_id[0x1c] enabled)
[    0.000000] ACPI: LAPIC (acpi_id[0x1d] lapic_id[0x1d] enabled)
[    0.000000] ACPI: LAPIC (acpi_id[0x1e] lapic_id[0x1e] enabled)
[    0.000000] ACPI: LAPIC (acpi_id[0x1f] lapic_id[0x1f] enabled)
[    0.000000] ACPI: LAPIC (acpi_id[0x20] lapic_id[0x20] enabled)
[    0.000000] ACPI: LAPIC (acpi_id[0x21] lapic_id[0x21] enabled)
[    0.000000] ACPI: LAPIC_NMI (acpi_id[0xff] dfl dfl lint[0x1])
[    0.000000] ACPI: IOAPIC (id[0x00] address[0xfec00000] gsi_base[0])
[    0.000000] IOAPIC[0]: apic_id 0, version 17, address 0xfec00000, GSI 0-23
[    0.000000] ACPI: INT_SRC_OVR (bus 0 bus_irq 0 global_irq 2 dfl dfl)
[    0.000000] ACPI: INT_SRC_OVR (bus 0 bus_irq 5 global_irq 5 high level)
[    0.000000] ACPI: INT_SRC_OVR (bus 0 bus_irq 9 global_irq 9 high level)
[    0.000000] ACPI: INT_SRC_OVR (bus 0 bus_irq 10 global_irq 10 high level)
[    0.000000] ACPI: INT_SRC_OVR (bus 0 bus_irq 11 global_irq 11 high level)
[    0.000000] ACPI: IRQ0 used by override.
[    0.000000] ACPI: IRQ5 used by override.
[    0.000000] ACPI: IRQ9 used by override.
[    0.000000] ACPI: IRQ10 used by override.
[    0.000000] ACPI: IRQ11 used by override.
[    0.000000] Using ACPI (MADT) for SMP configuration information
[    0.000000] smpboot: Allowing 34 CPUs, 0 hotplug CPUs
[    0.000000] PM: Registered nosave memory: [mem 0x0009f000-0x0009ffff]
[    0.000000] PM: Registered nosave memory: [mem 0x000a0000-0x000effff]
[    0.000000] PM: Registered nosave memory: [mem 0x000f0000-0x000fffff]
[    0.000000] PM: Registered nosave memory: [mem 0xbffdc000-0xbfffffff]
[    0.000000] PM: Registered nosave memory: [mem 0xc0000000-0xfeffbfff]
[    0.000000] PM: Registered nosave memory: [mem 0xfeffc000-0xfeffffff]
[    0.000000] PM: Registered nosave memory: [mem 0xff000000-0xfffbffff]
[    0.000000] PM: Registered nosave memory: [mem 0xfffc0000-0xffffffff]
[    0.000000] e820: [mem 0xc0000000-0xfeffbfff] available for PCI devices
[    0.000000] Booting paravirtualized kernel on KVM
[    0.000000] setup_percpu: NR_CPUS:5120 nr_cpumask_bits:34 nr_cpu_ids:34 nr_node_ids:1
[    0.000000] PERCPU: Embedded 35 pages/cpu @ffff880f02c00000 s104600 r8192 d30568 u262144
[    0.000000] pcpu-alloc: s104600 r8192 d30568 u262144 alloc=1*2097152
[    0.000000] pcpu-alloc: [0] 00 01 02 03 04 05 06 07 [0] 08 09 10 11 12 13 14 15 
[    0.000000] pcpu-alloc: [0] 16 17 18 19 20 21 22 23 [0] 24 25 26 27 28 29 30 31 
[    0.000000] pcpu-alloc: [0] 32 33 -- -- -- -- -- -- 
[    0.000000] KVM setup async PF for cpu 0
[    0.000000] kvm-stealtime: cpu 0, msr f02c13480
[    0.000000] PV qspinlock hash table entries: 256 (order: 0, 4096 bytes)
[    0.000000] Built 1 zonelists in Zone order, mobility grouping on.  Total pages: 15482725
[    0.000000] Policy zone: Normal
[    0.000000] Kernel command line: BOOT_IMAGE=/boot/vmlinuz-3.10.0-693.21.1.el7.x86_64 root=UUID=512eb2e1-c786-45ec-8346-c46432917fa1 ro console=ttyS0,115200n8 nomodeset crashkernel=auto isolcpus=4-33 rcu_nocbs=4-33 nohz_full=4-33 default_hugepagesz=1G hugepagesz=60 biosdevname=0 net.ifnames=1 intel_idle.max_cstate=0 intel_pstate=disable
[    0.000000] hugepagesz: Unsupported page size 0 M
[    0.000000] PID hash table entries: 4096 (order: 3, 32768 bytes)
[    0.000000] x86/fpu: xstate_offset[2]: 0240, xstate_sizes[2]: 0100
[    0.000000] xsave: enabled xstate_bv 0x7, cntxt size 0x340 using standard form
[    0.000000] Memory: 4944884k/63963136k available (6940k kernel code, 1049112k absent, 1286512k reserved, 4560k data, 1792k init)
[    0.000000] SLUB: HWalign=64, Order=0-3, MinObjects=0, CPUs=34, Nodes=1
[    0.000000] x86/pti: Unmapping kernel while in userspace
[    0.000000] Hierarchical RCU implementation.
[    0.000000] 	RCU restricting CPUs from NR_CPUS=5120 to nr_cpu_ids=34.
[    0.000000] NO_HZ: Full dynticks CPUs: 4-33.
[    0.000000] 	Offload RCU callbacks from CPUs: 4-33.
[    0.000000] NR_IRQS:327936 nr_irqs:696 0
[    0.000000] Console: colour VGA+ 80x25
[    0.000000] console [ttyS0] enabled
[    0.000000] allocated 251658240 bytes of page_cgroup
[    0.000000] please try 'cgroup_disable=memory' option if you don't want memory cgroups
[    0.000000] tsc: Detected 2095.148 MHz processor
[    0.401429] Calibrating delay loop (skipped) preset value.. 4190.29 BogoMIPS (lpj=2095148)
[    0.402288] pid_max: default: 34816 minimum: 301
[    0.402793] Security Framework initialized
[    0.403202] SELinux:  Initializing.
[    0.403562] SELinux:  Starting in permissive mode
[    0.403563] Yama: becoming mindful.
[    0.407176] Dentry cache hash table entries: 8388608 (order: 14, 67108864 bytes)
[    0.417744] Inode-cache hash table entries: 4194304 (order: 13, 33554432 bytes)
[    0.422682] Mount-cache hash table entries: 131072 (order: 8, 1048576 bytes)
[    0.423430] Mountpoint-cache hash table entries: 131072 (order: 8, 1048576 bytes)
[    0.424636] Initializing cgroup subsys memory
[    0.425073] Initializing cgroup subsys devices
[    0.425518] Initializing cgroup subsys freezer
[    0.425969] Initializing cgroup subsys net_cls
[    0.426419] Initializing cgroup subsys blkio
[    0.426851] Initializing cgroup subsys perf_event
[    0.427303] Initializing cgroup subsys hugetlb
[    0.427736] Initializing cgroup subsys pids
[    0.428153] Initializing cgroup subsys net_prio
[    0.428650] CPU: Physical Processor ID: 0
[    0.429795] mce: CPU supports 10 MCE banks
[    0.430246] Last level iTLB entries: 4KB 0, 2MB 0, 4MB 0
[    0.430777] Last level dTLB entries: 4KB 0, 2MB 0, 4MB 0
[    0.431298] tlb_flushall_shift: 6
[    0.431623] FEATURE SPEC_CTRL Not Present
[    0.432037] FEATURE IBPB_SUPPORT Not Present
[    0.432569] Spectre V2 : Vulnerable: Retpoline without IBPB
[    0.434256] Freeing SMP alternatives: 24k freed
[    0.439074] ACPI: Core revision 20130517
[    0.440353] ACPI: All ACPI Tables successfully acquired
[    0.440946] ftrace: allocating 26646 entries in 105 pages
[    0.471263] Enabling x2apic
[    0.471635] Enabled x2apic
[    0.472295] Switched APIC routing to physical x2apic.
[    0.474016] ..TIMER: vector=0x30 apic1=0 pin1=2 apic2=-1 pin2=-1
[    0.474763] smpboot: CPU0: Intel Core Processor (Skylake) (fam: 06, model: 5e, stepping: 03)
[    0.475876] TSC deadline timer enabled
[    0.475888] Performance Events: unsupported p6 CPU model 94 no PMU driver, software events only.
[    0.477022] KVM setup paravirtual spinlock
[    0.478609] NMI watchdog: Disabling watchdog on nohz_full cores by default
[    0.480585] kvm-clock: cpu 1, msr f:3ff87041, secondary cpu clock
[    0.482297] KVM setup async PF for cpu 1
[    0.482596] kvm-clock: cpu 2, msr f:3ff87081, secondary cpu clock
[    0.484213] kvm-stealtime: cpu 1, msr f02c53480
[    0.503827] KVM setup async PF for cpu 2
[    0.504123] kvm-clock: cpu 3, msr f:3ff870c1, secondary cpu clock
[    0.505425] kvm-stealtime: cpu 2, msr f02c93480
[    0.506063] KVM setup async PF for cpu 3
[    0.506344] kvm-clock: cpu 4, msr f:3ff87101, secondary cpu clock
[    0.507377] kvm-stealtime: cpu 3, msr f02cd3480
[    0.527384] KVM setup async PF for cpu 4
[    0.527693] kvm-clock: cpu 5, msr f:3ff87141, secondary cpu clock
[    0.528943] kvm-stealtime: cpu 4, msr f02d13480
[    0.529649] KVM setup async PF for cpu 5
[    0.529950] kvm-clock: cpu 6, msr f:3ff87181, secondary cpu clock
[    0.530906] kvm-stealtime: cpu 5, msr f02d53480
[    0.550875] KVM setup async PF for cpu 6
[    0.551172] kvm-clock: cpu 7, msr f:3ff871c1, secondary cpu clock
[    0.552376] kvm-stealtime: cpu 6, msr f02d93480
[    0.553054] KVM setup async PF for cpu 7
[    0.553367] kvm-clock: cpu 8, msr f:3ff87201, secondary cpu clock
[    0.554363] kvm-stealtime: cpu 7, msr f02dd3480
[    0.574379] KVM setup async PF for cpu 8
[    0.574682] kvm-clock: cpu 9, msr f:3ff87241, secondary cpu clock
[    0.575886] kvm-stealtime: cpu 8, msr f02e13480
[    0.576432] KVM setup async PF for cpu 9
[    0.576737] kvm-clock: cpu 10, msr f:3ff87281, secondary cpu clock
[    0.577474] kvm-stealtime: cpu 9, msr f02e53480
[    0.597672] KVM setup async PF for cpu 10
[    0.597965] kvm-clock: cpu 11, msr f:3ff872c1, secondary cpu clock
[    0.599256] kvm-stealtime: cpu 10, msr f02e93480
[    0.599970] KVM setup async PF for cpu 11
[    0.600263] kvm-clock: cpu 12, msr f:3ff87301, secondary cpu clock
[    0.601253] kvm-stealtime: cpu 11, msr f02ed3480
[    0.621397] KVM setup async PF for cpu 12
[    0.621757] kvm-clock: cpu 13, msr f:3ff87341, secondary cpu clock
[    0.623488] kvm-stealtime: cpu 12, msr f02f13480
[    0.624328] KVM setup async PF for cpu 13
[    0.624652] kvm-clock: cpu 14, msr f:3ff87381, secondary cpu clock
[    0.625683] kvm-stealtime: cpu 13, msr f02f53480
[    0.645670] KVM setup async PF for cpu 14
[    0.645978] kvm-clock: cpu 15, msr f:3ff873c1, secondary cpu clock
[    0.647279] kvm-stealtime: cpu 14, msr f02f93480
[    0.648011] KVM setup async PF for cpu 15
[    0.648315] kvm-clock: cpu 16, msr f:3ff87401, secondary cpu clock
[    0.649322] kvm-stealtime: cpu 15, msr f02fd3480
[    0.669242] KVM setup async PF for cpu 16
[    0.669539] kvm-clock: cpu 17, msr f:3ff87441, secondary cpu clock
[    0.670797] kvm-stealtime: cpu 16, msr f03013480
[    0.671448] KVM setup async PF for cpu 17
[    0.671747] kvm-clock: cpu 18, msr f:3ff87481, secondary cpu clock
[    0.672753] kvm-stealtime: cpu 17, msr f03053480
[    0.692767] KVM setup async PF for cpu 18
[    0.693058] kvm-clock: cpu 19, msr f:3ff874c1, secondary cpu clock
[    0.694406] kvm-stealtime: cpu 18, msr f03093480
[    0.695130] KVM setup async PF for cpu 19
[    0.695434] kvm-clock: cpu 20, msr f:3ff87501, secondary cpu clock
[    0.696654] kvm-stealtime: cpu 19, msr f030d3480
[    0.716451] KVM setup async PF for cpu 20
[    0.716746] kvm-clock: cpu 21, msr f:3ff87541, secondary cpu clock
[    0.718002] kvm-stealtime: cpu 20, msr f03113480
[    0.718820] KVM setup async PF for cpu 21
[    0.719171] kvm-clock: cpu 22, msr f:3ff87581, secondary cpu clock
[    0.720473] kvm-stealtime: cpu 21, msr f03153480
[    0.740324] KVM setup async PF for cpu 22
[    0.740681] kvm-clock: cpu 23, msr f:3ff875c1, secondary cpu clock
[    0.742334] kvm-stealtime: cpu 22, msr f03193480
[    0.743138] KVM setup async PF for cpu 23
[    0.743449] kvm-clock: cpu 24, msr f:3ff87601, secondary cpu clock
[    0.744536] kvm-stealtime: cpu 23, msr f031d3480
[    0.764455] KVM setup async PF for cpu 24
[    0.764752] kvm-clock: cpu 25, msr f:3ff87641, secondary cpu clock
[    0.766086] kvm-stealtime: cpu 24, msr f03213480
[    0.766808] KVM setup async PF for cpu 25
[    0.767089] kvm-clock: cpu 26, msr f:3ff87681, secondary cpu clock
[    0.768121] kvm-stealtime: cpu 25, msr f03253480
[    0.788012] KVM setup async PF for cpu 26
[    0.788322] kvm-clock: cpu 27, msr f:3ff876c1, secondary cpu clock
[    0.789631] kvm-stealtime: cpu 26, msr f03293480
[    0.790298] KVM setup async PF for cpu 27
[    0.790617] kvm-clock: cpu 28, msr f:3ff87701, secondary cpu clock
[    0.791668] kvm-stealtime: cpu 27, msr f032d3480
[    0.811562] KVM setup async PF for cpu 28
[    0.811837] kvm-clock: cpu 29, msr f:3ff87741, secondary cpu clock
[    0.813157] kvm-stealtime: cpu 28, msr f03313480
[    0.813853] KVM setup async PF for cpu 29
[    0.814139] kvm-clock: cpu 30, msr f:3ff87781, secondary cpu clock
[    0.815510] kvm-stealtime: cpu 29, msr f03353480
[    0.835324] KVM setup async PF for cpu 30
[    0.835640] kvm-clock: cpu 31, msr f:3ff877c1, secondary cpu clock
[    0.837094] kvm-stealtime: cpu 30, msr f03393480
[    0.838144] KVM setup async PF for cpu 31
[    0.838481] kvm-clock: cpu 32, msr f:3ff87801, secondary cpu clock
[    0.839857] kvm-stealtime: cpu 31, msr f033d3480
[    0.859813] KVM setup async PF for cpu 32
[    0.479758] smpboot: Booting Node   0, Processors  #1 #2 #3 #4 #5 #6 #7 #8 #9 #10 #11 #12 #13 #14 #15 #16 #17 #18 #19 #20 #21 #22 #23 #24 #25 #26 #27 #28 #29 #30 #31 #32 #33 OK
[    0.860132] kvm-clock: cpu 33, msr f:3ff87841, secondary cpu clock
[    0.861290] kvm-stealtime: cpu 32, msr f03413480
[    0.861920] Brought up 34 CPUs
[    0.861928] KVM setup async PF for cpu 33
[    0.861931] kvm-stealtime: cpu 33, msr f03453480
[    0.863157] smpboot: Max logical packages: 17
[    0.863601] smpboot: Total of 34 processors activated (142470.06 BogoMIPS)
[    1.128897] node 0 initialised, 14170657 pages in 249ms
[    1.129976] devtmpfs: initialized
[    1.135814] EVM: security.selinux
[    1.136287] EVM: security.ima
[    1.136647] EVM: security.capability
[    1.138743] atomic64 test passed for x86-64 platform with CX8 and with SSE
[    1.139636] pinctrl core: initialized pinctrl subsystem
[    1.140313] RTC time:  9:08:30, date: 12/02/19
[    1.140907] NET: Registered protocol family 16
[    1.142438] ACPI: bus type PCI registered
[    1.142982] acpiphp: ACPI Hot Plug PCI Controller Driver version: 0.5
[    1.144155] PCI: Using configuration type 1 for base access
[    1.156626] ACPI: Added _OSI(Module Device)
[    1.157748] ACPI: Added _OSI(Processor Device)
[    1.158893] ACPI: Added _OSI(3.0 _SCP Extensions)
[    1.160085] ACPI: Added _OSI(Processor Aggregator Device)
[    1.161725] ACPI: EC: Look up EC in DSDT
[    1.162774] ACPI: Interpreter enabled
[    1.163285] ACPI: (supports S0 S5)
[    1.163686] ACPI: Using IOAPIC for interrupt routing
[    1.164361] PCI: Using host bridge windows from ACPI; if necessary, use "pci=nocrs" and report a bug
[    1.170422] ACPI: PCI Root Bridge [PCI0] (domain 0000 [bus 00-ff])
[    1.171221] acpi PNP0A03:00: _OSC: OS supports [ASPM ClockPM Segments MSI]
[    1.172104] acpi PNP0A03:00: _OSC failed (AE_NOT_FOUND); disabling ASPM
[    1.172970] acpi PNP0A03:00: fail to add MMCONFIG information, can't access extended PCI configuration space under this bridge.
[    1.174498] acpiphp: Slot [3] registered
[    1.175078] acpiphp: Slot [4] registered
[    1.175576] acpiphp: Slot [5] registered
[    1.176173] acpiphp: Slot [6] registered
[    1.176674] acpiphp: Slot [7] registered
[    1.177218] acpiphp: Slot [8] registered
[    1.177739] acpiphp: Slot [9] registered
[    1.178295] acpiphp: Slot [10] registered
[    1.178870] acpiphp: Slot [11] registered
[    1.179384] acpiphp: Slot [12] registered
[    1.179856] acpiphp: Slot [13] registered
[    1.180315] acpiphp: Slot [14] registered
[    1.180787] acpiphp: Slot [15] registered
[    1.181337] acpiphp: Slot [16] registered
[    1.181833] acpiphp: Slot [17] registered
[    1.182390] acpiphp: Slot [18] registered
[    1.182855] acpiphp: Slot [19] registered
[    1.183410] acpiphp: Slot [20] registered
[    1.183951] acpiphp: Slot [21] registered
[    1.184509] acpiphp: Slot [22] registered
[    1.185035] acpiphp: Slot [23] registered
[    1.185630] acpiphp: Slot [24] registered
[    1.186110] acpiphp: Slot [25] registered
[    1.186662] acpiphp: Slot [26] registered
[    1.187169] acpiphp: Slot [27] registered
[    1.187744] acpiphp: Slot [28] registered
[    1.188236] acpiphp: Slot [29] registered
[    1.188799] acpiphp: Slot [30] registered
[    1.189277] acpiphp: Slot [31] registered
[    1.189836] PCI host bridge to bus 0000:00
[    1.190293] pci_bus 0000:00: root bus resource [bus 00-ff]
[    1.190984] pci_bus 0000:00: root bus resource [io  0x0000-0x0cf7 window]
[    1.191758] pci_bus 0000:00: root bus resource [io  0x0d00-0xffff window]
[    1.192701] pci_bus 0000:00: root bus resource [mem 0x000a0000-0x000bffff window]
[    1.193807] pci_bus 0000:00: root bus resource [mem 0xc0000000-0xfebfffff window]
[    1.194883] pci 0000:00:00.0: [8086:1237] type 00 class 0x060000
[    1.195311] pci 0000:00:01.0: [8086:7000] type 00 class 0x060100
[    1.195880] pci 0000:00:01.1: [8086:7010] type 00 class 0x010180
[    1.214208] pci 0000:00:01.1: reg 0x20: [io  0xc0c0-0xc0cf]
[    1.219413] pci 0000:00:01.1: legacy IDE quirk: reg 0x10: [io  0x01f0-0x01f7]
[    1.222123] pci 0000:00:01.1: legacy IDE quirk: reg 0x14: [io  0x03f6]
[    1.222782] pci 0000:00:01.1: legacy IDE quirk: reg 0x18: [io  0x0170-0x0177]
[    1.223640] pci 0000:00:01.1: legacy IDE quirk: reg 0x1c: [io  0x0376]
[    1.224407] pci 0000:00:01.2: [8086:7020] type 00 class 0x0c0300
[    1.239445] pci 0000:00:01.2: reg 0x20: [io  0xc040-0xc05f]
[    1.247891] pci 0000:00:01.3: [8086:7113] type 00 class 0x068000
[    1.248235] pci 0000:00:01.3: quirk: [io  0x0600-0x063f] claimed by PIIX4 ACPI
[    1.249213] pci 0000:00:01.3: quirk: [io  0x0700-0x070f] claimed by PIIX4 SMB
[    1.250413] pci 0000:00:02.0: [1013:00b8] type 00 class 0x030000
[    1.261852] pci 0000:00:02.0: reg 0x10: [mem 0xfc000000-0xfdffffff pref]
[    1.271784] pci 0000:00:02.0: reg 0x14: [mem 0xfebd0000-0xfebd0fff]
[    1.348958] pci 0000:00:02.0: reg 0x30: [mem 0xfebc0000-0xfebcffff pref]
[    1.349125] pci 0000:00:03.0: [1af4:1000] type 00 class 0x020000
[    1.355387] pci 0000:00:03.0: reg 0x10: [io  0xc060-0xc07f]
[    1.365901] pci 0000:00:03.0: reg 0x14: [mem 0xfebd1000-0xfebd1fff]
[    1.391775] pci 0000:00:03.0: reg 0x20: [mem 0xfe100000-0xfe103fff 64bit pref]
[    1.398898] pci 0000:00:03.0: reg 0x30: [mem 0xfeb40000-0xfeb7ffff pref]
[    1.401360] pci 0000:00:04.0: [1af4:1000] type 00 class 0x020000
[    1.407859] pci 0000:00:04.0: reg 0x10: [io  0xc080-0xc09f]
[    1.417122] pci 0000:00:04.0: reg 0x14: [mem 0xfebd2000-0xfebd2fff]
[    1.439030] pci 0000:00:04.0: reg 0x20: [mem 0xfe104000-0xfe107fff 64bit pref]
[    1.447867] pci 0000:00:04.0: reg 0x30: [mem 0xfeb80000-0xfebbffff pref]
[    1.448255] pci 0000:00:05.0: [1af4:1001] type 00 class 0x010000
[    1.454869] pci 0000:00:05.0: reg 0x10: [io  0xc000-0xc03f]
[    1.463755] pci 0000:00:05.0: reg 0x14: [mem 0xfebd3000-0xfebd3fff]
[    1.485810] pci 0000:00:05.0: reg 0x20: [mem 0xfe108000-0xfe10bfff 64bit pref]
[    1.495109] pci 0000:00:06.0: [8086:154c] type 00 class 0x020000
[    1.499530] pci 0000:00:06.0: reg 0x10: [mem 0xfe000000-0xfe00ffff 64bit pref]
[    1.511714] pci 0000:00:06.0: reg 0x1c: [mem 0xfe10c000-0xfe10ffff 64bit pref]
[    1.525053] pci 0000:00:07.0: [8086:154c] type 00 class 0x020000
[    1.529670] pci 0000:00:07.0: reg 0x10: [mem 0xfe010000-0xfe01ffff 64bit pref]
[    1.542554] pci 0000:00:07.0: reg 0x1c: [mem 0xfe110000-0xfe113fff 64bit pref]
[    1.555792] pci 0000:00:08.0: [8086:154c] type 00 class 0x020000
[    1.559976] pci 0000:00:08.0: reg 0x10: [mem 0xfe020000-0xfe02ffff 64bit pref]
[    1.571176] pci 0000:00:08.0: reg 0x1c: [mem 0xfe114000-0xfe117fff 64bit pref]
[    1.582861] pci 0000:00:09.0: [8086:154c] type 00 class 0x020000
[    1.587106] pci 0000:00:09.0: reg 0x10: [mem 0xfe030000-0xfe03ffff 64bit pref]
[    1.598603] pci 0000:00:09.0: reg 0x1c: [mem 0xfe118000-0xfe11bfff 64bit pref]
[    1.610535] pci 0000:00:0a.0: [8086:154c] type 00 class 0x020000
[    1.614726] pci 0000:00:0a.0: reg 0x10: [mem 0xfe040000-0xfe04ffff 64bit pref]
[    1.626826] pci 0000:00:0a.0: reg 0x1c: [mem 0xfe11c000-0xfe11ffff 64bit pref]
[    1.639838] pci 0000:00:0b.0: [8086:154c] type 00 class 0x020000
[    1.645446] pci 0000:00:0b.0: reg 0x10: [mem 0xfe050000-0xfe05ffff 64bit pref]
[    1.656906] pci 0000:00:0b.0: reg 0x1c: [mem 0xfe120000-0xfe123fff 64bit pref]
[    1.670828] pci 0000:00:0c.0: [8086:154c] type 00 class 0x020000
[    1.676454] pci 0000:00:0c.0: reg 0x10: [mem 0xfe060000-0xfe06ffff 64bit pref]
[    1.688078] pci 0000:00:0c.0: reg 0x1c: [mem 0xfe124000-0xfe127fff 64bit pref]
[    1.699876] pci 0000:00:0d.0: [8086:154c] type 00 class 0x020000
[    1.704111] pci 0000:00:0d.0: reg 0x10: [mem 0xfe070000-0xfe07ffff 64bit pref]
[    1.715407] pci 0000:00:0d.0: reg 0x1c: [mem 0xfe128000-0xfe12bfff 64bit pref]
[    1.727206] pci 0000:00:0e.0: [8086:154c] type 00 class 0x020000
[    1.731457] pci 0000:00:0e.0: reg 0x10: [mem 0xfe080000-0xfe08ffff 64bit pref]
[    1.742924] pci 0000:00:0e.0: reg 0x1c: [mem 0xfe12c000-0xfe12ffff 64bit pref]
[    1.755912] pci 0000:00:0f.0: [8086:154c] type 00 class 0x020000
[    1.760101] pci 0000:00:0f.0: reg 0x10: [mem 0xfe090000-0xfe09ffff 64bit pref]
[    1.773047] pci 0000:00:0f.0: reg 0x1c: [mem 0xfe130000-0xfe133fff 64bit pref]
[    1.787010] pci 0000:00:10.0: [8086:154c] type 00 class 0x020000
[    1.791197] pci 0000:00:10.0: reg 0x10: [mem 0xfe0a0000-0xfe0affff 64bit pref]
[    1.804028] pci 0000:00:10.0: reg 0x1c: [mem 0xfe134000-0xfe137fff 64bit pref]
[    1.816138] pci 0000:00:11.0: [8086:154c] type 00 class 0x020000
[    1.820343] pci 0000:00:11.0: reg 0x10: [mem 0xfe0b0000-0xfe0bffff 64bit pref]
[    1.831941] pci 0000:00:11.0: reg 0x1c: [mem 0xfe138000-0xfe13bfff 64bit pref]
[    1.844363] pci 0000:00:12.0: [8086:154c] type 00 class 0x020000
[    1.848794] pci 0000:00:12.0: reg 0x10: [mem 0xfe0c0000-0xfe0cffff 64bit pref]
[    1.860569] pci 0000:00:12.0: reg 0x1c: [mem 0xfe13c000-0xfe13ffff 64bit pref]
[    1.873623] pci 0000:00:13.0: [8086:154c] type 00 class 0x020000
[    1.878968] pci 0000:00:13.0: reg 0x10: [mem 0xfe0d0000-0xfe0dffff 64bit pref]
[    1.891928] pci 0000:00:13.0: reg 0x1c: [mem 0xfe140000-0xfe143fff 64bit pref]
[    1.905280] pci 0000:00:14.0: [8086:154c] type 00 class 0x020000
[    1.912039] pci 0000:00:14.0: reg 0x10: [mem 0xfe0e0000-0xfe0effff 64bit pref]
[    1.924415] pci 0000:00:14.0: reg 0x1c: [mem 0xfe144000-0xfe147fff 64bit pref]
[    1.937835] pci 0000:00:15.0: [8086:154c] type 00 class 0x020000
[    1.944600] pci 0000:00:15.0: reg 0x10: [mem 0xfe0f0000-0xfe0fffff 64bit pref]
[    1.954480] pci 0000:00:15.0: reg 0x1c: [mem 0xfe148000-0xfe14bfff 64bit pref]
[    1.967784] pci 0000:00:16.0: [1af4:1002] type 00 class 0x00ff00
[    1.974166] pci 0000:00:16.0: reg 0x10: [io  0xc0a0-0xc0bf]
[    1.995144] pci 0000:00:16.0: reg 0x20: [mem 0xfe14c000-0xfe14ffff 64bit pref]
[    2.002939] ACPI: PCI Interrupt Link [LNKA] (IRQs 5 *10 11)
[    2.003824] ACPI: PCI Interrupt Link [LNKB] (IRQs 5 *10 11)
[    2.004612] ACPI: PCI Interrupt Link [LNKC] (IRQs 5 10 *11)
[    2.005533] ACPI: PCI Interrupt Link [LNKD] (IRQs 5 10 *11)
[    2.006494] ACPI: PCI Interrupt Link [LNKS] (IRQs *9)
[    2.009483] ACPI: Enabled 2 GPEs in block 00 to 0F
[    2.011045] vgaarb: device added: PCI:0000:00:02.0,decodes=io+mem,owns=io+mem,locks=none
[    2.012193] vgaarb: loaded
[    2.012605] vgaarb: bridge control possible 0000:00:02.0
[    2.013329] SCSI subsystem initialized
[    2.013925] ACPI: bus type USB registered
[    2.014465] usbcore: registered new interface driver usbfs
[    2.015249] usbcore: registered new interface driver hub
[    2.016152] usbcore: registered new device driver usb
[    2.017148] PCI: Using ACPI for IRQ routing
[    2.017757] PCI: pci_cache_line_size set to 64 bytes
[    2.018228] e820: reserve RAM buffer [mem 0x0009fc00-0x0009ffff]
[    2.018230] e820: reserve RAM buffer [mem 0xbffdc000-0xbfffffff]
[    2.018340] NetLabel: Initializing
[    2.018778] NetLabel:  domain hash size = 128
[    2.019376] NetLabel:  protocols = UNLABELED CIPSOv4
[    2.020044] NetLabel:  unlabeled traffic allowed by default
[    2.020830] amd_nb: Cannot enumerate AMD northbridges
[    2.021862] Switched to clocksource kvm-clock
[    2.029538] pnp: PnP ACPI init
[    2.029923] ACPI: bus type PNP registered
[    2.030431] pnp 00:00: Plug and Play ACPI device, IDs PNP0b00 (active)
[    2.030471] pnp 00:01: Plug and Play ACPI device, IDs PNP0303 (active)
[    2.030502] pnp 00:02: Plug and Play ACPI device, IDs PNP0f13 (active)
[    2.030525] pnp 00:03: [dma 2]
[    2.030536] pnp 00:03: Plug and Play ACPI device, IDs PNP0700 (active)
[    2.030609] pnp 00:04: Plug and Play ACPI device, IDs PNP0501 (active)
[    2.030657] pnp 00:05: Plug and Play ACPI device, IDs PNP0501 (active)
[    2.030779] pnp: PnP ACPI: found 6 devices
[    2.031243] ACPI: bus type PNP unregistered
[    2.037741] pci_bus 0000:00: resource 4 [io  0x0000-0x0cf7 window]
[    2.037745] pci_bus 0000:00: resource 5 [io  0x0d00-0xffff window]
[    2.037749] pci_bus 0000:00: resource 6 [mem 0x000a0000-0x000bffff window]
[    2.037751] pci_bus 0000:00: resource 7 [mem 0xc0000000-0xfebfffff window]
[    2.037808] NET: Registered protocol family 2
[    2.039262] TCP established hash table entries: 524288 (order: 10, 4194304 bytes)
[    2.041162] TCP bind hash table entries: 65536 (order: 8, 1048576 bytes)
[    2.042166] TCP: Hash tables configured (established 524288 bind 65536)
[    2.043002] TCP: reno registered
[    2.043537] UDP hash table entries: 32768 (order: 8, 1048576 bytes)
[    2.044612] UDP-Lite hash table entries: 32768 (order: 8, 1048576 bytes)
[    2.045894] NET: Registered protocol family 1
[    2.046379] pci 0000:00:00.0: Limiting direct PCI/PCI transfers
[    2.047012] pci 0000:00:01.0: PIIX3: Enabling Passive Release
[    2.047628] pci 0000:00:01.0: Activating ISA DMA hang workarounds
[    2.070958] ACPI: PCI Interrupt Link [LNKD] enabled at IRQ 11
[    2.093601] pci 0000:00:02.0: Boot video device
[    2.093744] PCI: CLS 0 bytes, default 64
[    2.093787] Unpacking initramfs...
[    2.513313] Freeing initrd memory: 47436k freed
[    2.526321] PCI-DMA: Using software bounce buffering for IO (SWIOTLB)
[    2.527175] software IO TLB [mem 0xbbfdc000-0xbffdc000] (64MB) mapped at [ffff8800bbfdc000-ffff8800bffdbfff]
[    2.533369] sha1_ssse3: Using AVX2 optimized SHA-1 implementation
[    2.534111] sha256_ssse3: Using AVX2 optimized SHA-256 implementation
[    2.535320] futex hash table entries: 16384 (order: 8, 1048576 bytes)
[    2.536146] Initialise system trusted keyring
[    2.536618] audit: initializing netlink socket (disabled)
[    2.537195] type=2000 audit(1575277711.036:1): initialized
[    2.556170] HugeTLB registered 1 GB page size, pre-allocated 0 pages
[    2.558154] zpool: loaded
[    2.558605] zbud: loaded
[    2.559367] VFS: Disk quotas dquot_6.5.2
[    2.560028] Dquot-cache hash table entries: 512 (order 0, 4096 bytes)
[    2.560952] msgmni has been set to 32768
[    2.561417] Key type big_key registered
[    2.561802] SELinux:  Registering netfilter hooks
[    2.565268] NET: Registered protocol family 38
[    2.565821] Key type asymmetric registered
[    2.566177] Asymmetric key parser 'x509' registered
[    2.566644] Block layer SCSI generic (bsg) driver version 0.4 loaded (major 250)
[    2.567749] io scheduler noop registered
[    2.568301] io scheduler deadline registered (default)
[    2.568845] io scheduler cfq registered
[    2.569384] pci_hotplug: PCI Hot Plug PCI Core version: 0.5
[    2.569971] pciehp: PCI Express Hot Plug Controller Driver version: 0.4
[    2.570718] intel_idle: disabled
[    2.570774] input: Power Button as /devices/LNXSYSTM:00/LNXPWRBN:00/input/input0
[    2.571464] ACPI: Power Button [PWRF]
[    2.572269] GHES: HEST is not enabled!
[    2.572840] Serial: 8250/16550 driver, 4 ports, IRQ sharing enabled
[    2.596941] 00:04: ttyS0 at I/O 0x3f8 (irq = 4) is a 16550A
[    2.621948] 00:05: ttyS1 at I/O 0x2f8 (irq = 3) is a 16550A
[    2.622875] Non-volatile memory driver v1.3
[    2.623391] Linux agpgart interface v0.103
[    2.623962] crash memory driver: version 1.1
[    2.624529] rdac: device handler registered
[    2.625049] hp_sw: device handler registered
[    2.625496] emc: device handler registered
[    2.625932] alua: device handler registered
[    2.626401] libphy: Fixed MDIO Bus: probed
[    2.627014] ehci_hcd: USB 2.0 'Enhanced' Host Controller (EHCI) Driver
[    2.627844] ehci-pci: EHCI PCI platform driver
[    2.628405] ohci_hcd: USB 1.1 'Open' Host Controller (OHCI) Driver
[    2.629198] ohci-pci: OHCI PCI platform driver
[    2.629774] uhci_hcd: USB Universal Host Controller Interface driver
[    2.655517] uhci_hcd 0000:00:01.2: UHCI Host Controller
[    2.656116] uhci_hcd 0000:00:01.2: new USB bus registered, assigned bus number 1
[    2.656925] uhci_hcd 0000:00:01.2: detected 2 ports
[    2.657495] uhci_hcd 0000:00:01.2: irq 11, io base 0x0000c040
[    2.658151] usb usb1: New USB device found, idVendor=1d6b, idProduct=0001
[    2.658876] usb usb1: New USB device strings: Mfr=3, Product=2, SerialNumber=1
[    2.659653] usb usb1: Product: UHCI Host Controller
[    2.660116] usb usb1: Manufacturer: Linux 3.10.0-693.21.1.el7.x86_64 uhci_hcd
[    2.660830] usb usb1: SerialNumber: 0000:00:01.2
[    2.661406] hub 1-0:1.0: USB hub found
[    2.661805] hub 1-0:1.0: 2 ports detected
[    2.662302] usbcore: registered new interface driver usbserial
[    2.662916] usbcore: registered new interface driver usbserial_generic
[    2.663578] usbserial: USB Serial support registered for generic
[    2.664174] i8042: PNP: PS/2 Controller [PNP0303:KBD,PNP0f13:MOU] at 0x60,0x64 irq 1,12
[    2.665945] serio: i8042 KBD port at 0x60,0x64 irq 1
[    2.666495] serio: i8042 AUX port at 0x60,0x64 irq 12
[    2.667145] mousedev: PS/2 mouse device common for all mice
[    2.668045] input: AT Translated Set 2 keyboard as /devices/platform/i8042/serio0/input/input1
[    2.669101] rtc_cmos 00:00: RTC can wake from S4
[    2.669659] input: VirtualPS/2 VMware VMMouse as /devices/platform/i8042/serio1/input/input2
[    2.670123] input: VirtualPS/2 VMware VMMouse as /devices/platform/i8042/serio1/input/input3
[    2.672312] rtc_cmos 00:00: rtc core: registered rtc_cmos as rtc0
[    2.673078] rtc_cmos 00:00: alarms up to one day, y3k, 114 bytes nvram
[    2.673808] cpuidle: using governor menu
[    2.674366] hidraw: raw HID events driver (C) Jiri Kosina
[    2.675015] usbcore: registered new interface driver usbhid
[    2.675573] usbhid: USB HID core driver
[    2.675986] drop_monitor: Initializing network drop monitor service
[    2.676731] TCP: cubic registered
[    2.677097] Initializing XFRM netlink socket
[    2.677633] NET: Registered protocol family 10
